Feb  2 00:10:54 cu-cs-vm rsyslogd: [origin software="rsyslogd" swVersion="8.16.0" x-pid="835" x-info="http://www.rsyslog.com"] rsyslogd was HUPed
Feb  2 00:11:14 cu-cs-vm anacron[783]: Job `cron.daily' terminated
Feb  2 00:11:14 cu-cs-vm anacron[783]: Normal exit (1 job run)
Feb  2 00:15:53 cu-cs-vm uptimed: moving up to position 20: 0 days, 00:10:09
Feb  2 00:17:01 cu-cs-vm CRON[2149]: (root) CMD (   cd / && run-parts --report /etc/cron.hourly)
Feb  2 00:17:52 cu-cs-vm dhclient[992]: DHCPREQUEST of 192.168.220.129 on ens33 to 192.168.220.254 port 67 (xid=0x433b9706)
Feb  2 00:17:52 cu-cs-vm dhclient[992]: DHCPACK of 192.168.220.129 from 192.168.220.254
Feb  2 00:17:52 cu-cs-vm NetworkManager[819]: <info>  [1517555872.7198]   address 192.168.220.129
Feb  2 00:17:52 cu-cs-vm NetworkManager[819]: <info>  [1517555872.7207]   plen 24 (255.255.255.0)
Feb  2 00:17:52 cu-cs-vm NetworkManager[819]: <info>  [1517555872.7209]   gateway 192.168.220.2
Feb  2 00:17:52 cu-cs-vm NetworkManager[819]: <info>  [1517555872.7209]   server identifier 192.168.220.254
Feb  2 00:17:52 cu-cs-vm NetworkManager[819]: <info>  [1517555872.7210]   lease time 1800
Feb  2 00:17:52 cu-cs-vm NetworkManager[819]: <info>  [1517555872.7211]   nameserver '192.168.220.2'
Feb  2 00:17:52 cu-cs-vm NetworkManager[819]: <info>  [1517555872.7211]   domain name 'localdomain'
Feb  2 00:17:52 cu-cs-vm dbus[799]: [system] Activating via systemd: service name='org.freedesktop.nm_dispatcher' unit='dbus-org.freedesktop.nm-dispatcher.service'
Feb  2 00:17:52 cu-cs-vm NetworkManager[819]: <info>  [1517555872.7212]   wins '192.168.220.2'
Feb  2 00:17:52 cu-cs-vm NetworkManager[819]: <info>  [1517555872.7213] dhcp4 (ens33): state changed bound -> bound
Feb  2 00:17:52 cu-cs-vm systemd[1]: Starting Network Manager Script Dispatcher Service...
Feb  2 00:17:52 cu-cs-vm dhclient[992]: bound to 192.168.220.129 -- renewal in 768 seconds.
Feb  2 00:17:52 cu-cs-vm dbus[799]: [system] Successfully activated service 'org.freedesktop.nm_dispatcher'
Feb  2 00:17:52 cu-cs-vm systemd[1]: Started Network Manager Script Dispatcher Service.
Feb  2 00:17:52 cu-cs-vm nm-dispatcher: req:1 'dhcp4-change' [ens33]: new request (1 scripts)
Feb  2 00:17:52 cu-cs-vm nm-dispatcher: req:1 'dhcp4-change' [ens33]: start running ordered scripts...
Feb  2 00:20:53 cu-cs-vm systemd[1]: Starting Cleanup of Temporary Directories...
Feb  2 00:20:53 cu-cs-vm systemd-tmpfiles[2169]: [/usr/lib/tmpfiles.d/var.conf:14] Duplicate line for path "/var/log", ignoring.
Feb  2 00:20:53 cu-cs-vm systemd[1]: Started Cleanup of Temporary Directories.
Feb  2 00:25:53 cu-cs-vm uptimed: moving up to position 12: 0 days, 00:20:09
Feb  2 00:30:40 cu-cs-vm dhclient[992]: DHCPREQUEST of 192.168.220.129 on ens33 to 192.168.220.254 port 67 (xid=0x433b9706)
Feb  2 00:30:40 cu-cs-vm dhclient[992]: DHCPACK of 192.168.220.129 from 192.168.220.254
Feb  2 00:30:40 cu-cs-vm NetworkManager[819]: <info>  [1517556640.1598]   address 192.168.220.129
Feb  2 00:30:40 cu-cs-vm NetworkManager[819]: <info>  [1517556640.1599]   plen 24 (255.255.255.0)
Feb  2 00:30:40 cu-cs-vm NetworkManager[819]: <info>  [1517556640.1600]   gateway 192.168.220.2
Feb  2 00:30:40 cu-cs-vm NetworkManager[819]: <info>  [1517556640.1600]   server identifier 192.168.220.254
Feb  2 00:30:40 cu-cs-vm NetworkManager[819]: <info>  [1517556640.1600]   lease time 1800
Feb  2 00:30:40 cu-cs-vm NetworkManager[819]: <info>  [1517556640.1601]   nameserver '192.168.220.2'
Feb  2 00:30:40 cu-cs-vm NetworkManager[819]: <info>  [1517556640.1601]   domain name 'localdomain'
Feb  2 00:30:40 cu-cs-vm NetworkManager[819]: <info>  [1517556640.1602]   wins '192.168.220.2'
Feb  2 00:30:40 cu-cs-vm NetworkManager[819]: <info>  [1517556640.1603] dhcp4 (ens33): state changed bound -> bound
Feb  2 00:30:40 cu-cs-vm dbus[799]: [system] Activating via systemd: service name='org.freedesktop.nm_dispatcher' unit='dbus-org.freedesktop.nm-dispatcher.service'
Feb  2 00:30:40 cu-cs-vm systemd[1]: Starting Network Manager Script Dispatcher Service...
Feb  2 00:30:40 cu-cs-vm dhclient[992]: bound to 192.168.220.129 -- renewal in 723 seconds.
Feb  2 00:30:40 cu-cs-vm dbus[799]: [system] Successfully activated service 'org.freedesktop.nm_dispatcher'
Feb  2 00:30:40 cu-cs-vm systemd[1]: Started Network Manager Script Dispatcher Service.
Feb  2 00:30:40 cu-cs-vm nm-dispatcher: req:1 'dhcp4-change' [ens33]: new request (1 scripts)
Feb  2 00:30:40 cu-cs-vm nm-dispatcher: req:1 'dhcp4-change' [ens33]: start running ordered scripts...
Feb  2 00:35:53 cu-cs-vm uptimed: moving up to position 10: 0 days, 00:30:09
Feb  2 00:42:43 cu-cs-vm dhclient[992]: DHCPREQUEST of 192.168.220.129 on ens33 to 192.168.220.254 port 67 (xid=0x433b9706)
Feb  2 00:42:43 cu-cs-vm dhclient[992]: DHCPACK of 192.168.220.129 from 192.168.220.254
Feb  2 00:42:43 cu-cs-vm NetworkManager[819]: <info>  [1517557363.9350]   address 192.168.220.129
Feb  2 00:42:43 cu-cs-vm NetworkManager[819]: <info>  [1517557363.9363]   plen 24 (255.255.255.0)
Feb  2 00:42:43 cu-cs-vm NetworkManager[819]: <info>  [1517557363.9373]   gateway 192.168.220.2
Feb  2 00:42:43 cu-cs-vm NetworkManager[819]: <info>  [1517557363.9376]   server identifier 192.168.220.254
Feb  2 00:42:43 cu-cs-vm NetworkManager[819]: <info>  [1517557363.9377]   lease time 1800
Feb  2 00:42:43 cu-cs-vm NetworkManager[819]: <info>  [1517557363.9378]   nameserver '192.168.220.2'
Feb  2 00:42:43 cu-cs-vm NetworkManager[819]: <info>  [1517557363.9379]   domain name 'localdomain'
Feb  2 00:42:43 cu-cs-vm dbus[799]: [system] Activating via systemd: service name='org.freedesktop.nm_dispatcher' unit='dbus-org.freedesktop.nm-dispatcher.service'
Feb  2 00:42:43 cu-cs-vm NetworkManager[819]: <info>  [1517557363.9379]   wins '192.168.220.2'
Feb  2 00:42:43 cu-cs-vm NetworkManager[819]: <info>  [1517557363.9380] dhcp4 (ens33): state changed bound -> bound
Feb  2 00:42:44 cu-cs-vm systemd[1]: Starting Network Manager Script Dispatcher Service...
Feb  2 00:42:44 cu-cs-vm dhclient[992]: bound to 192.168.220.129 -- renewal in 833 seconds.
Feb  2 00:42:44 cu-cs-vm dbus[799]: [system] Successfully activated service 'org.freedesktop.nm_dispatcher'
Feb  2 00:42:44 cu-cs-vm systemd[1]: Started Network Manager Script Dispatcher Service.
Feb  2 00:42:44 cu-cs-vm nm-dispatcher: req:1 'dhcp4-change' [ens33]: new request (1 scripts)
Feb  2 00:42:44 cu-cs-vm nm-dispatcher: req:1 'dhcp4-change' [ens33]: start running ordered scripts...
Feb  2 00:45:53 cu-cs-vm uptimed: moving up to position 9: 0 days, 00:40:09
Feb  2 00:55:53 cu-cs-vm uptimed: moving up to position 7: 0 days, 00:50:09
Feb  2 00:56:36 cu-cs-vm dhclient[992]: DHCPREQUEST of 192.168.220.129 on ens33 to 192.168.220.254 port 67 (xid=0x433b9706)
Feb  2 00:56:36 cu-cs-vm dhclient[992]: DHCPACK of 192.168.220.129 from 192.168.220.254
Feb  2 00:56:36 cu-cs-vm NetworkManager[819]: <info>  [1517558196.2435]   address 192.168.220.129
Feb  2 00:56:36 cu-cs-vm NetworkManager[819]: <info>  [1517558196.2448]   plen 24 (255.255.255.0)
Feb  2 00:56:36 cu-cs-vm NetworkManager[819]: <info>  [1517558196.2454]   gateway 192.168.220.2
Feb  2 00:56:36 cu-cs-vm NetworkManager[819]: <info>  [1517558196.2455]   server identifier 192.168.220.254
Feb  2 00:56:36 cu-cs-vm NetworkManager[819]: <info>  [1517558196.2455]   lease time 1800
Feb  2 00:56:36 cu-cs-vm NetworkManager[819]: <info>  [1517558196.2456]   nameserver '192.168.220.2'
Feb  2 00:56:36 cu-cs-vm NetworkManager[819]: <info>  [1517558196.2456]   domain name 'localdomain'
Feb  2 00:56:36 cu-cs-vm NetworkManager[819]: <info>  [1517558196.2460]   wins '192.168.220.2'
Feb  2 00:56:36 cu-cs-vm NetworkManager[819]: <info>  [1517558196.2461] dhcp4 (ens33): state changed bound -> bound
Feb  2 00:56:36 cu-cs-vm dbus[799]: [system] Activating via systemd: service name='org.freedesktop.nm_dispatcher' unit='dbus-org.freedesktop.nm-dispatcher.service'
Feb  2 00:56:36 cu-cs-vm systemd[1]: Starting Network Manager Script Dispatcher Service...
Feb  2 00:56:36 cu-cs-vm dhclient[992]: bound to 192.168.220.129 -- renewal in 811 seconds.
Feb  2 00:56:36 cu-cs-vm dbus[799]: [system] Successfully activated service 'org.freedesktop.nm_dispatcher'
Feb  2 00:56:36 cu-cs-vm systemd[1]: Started Network Manager Script Dispatcher Service.
Feb  2 00:56:36 cu-cs-vm nm-dispatcher: req:1 'dhcp4-change' [ens33]: new request (1 scripts)
Feb  2 00:56:36 cu-cs-vm nm-dispatcher: req:1 'dhcp4-change' [ens33]: start running ordered scripts...
Feb  2 01:05:53 cu-cs-vm uptimed: moving up to position 6: 0 days, 01:00:09
Feb  2 01:10:07 cu-cs-vm dhclient[992]: DHCPREQUEST of 192.168.220.129 on ens33 to 192.168.220.254 port 67 (xid=0x433b9706)
Feb  2 01:10:07 cu-cs-vm dhclient[992]: DHCPACK of 192.168.220.129 from 192.168.220.254
Feb  2 01:10:07 cu-cs-vm NetworkManager[819]: <info>  [1517559007.9044]   address 192.168.220.129
Feb  2 01:10:07 cu-cs-vm NetworkManager[819]: <info>  [1517559007.9047]   plen 24 (255.255.255.0)
Feb  2 01:10:07 cu-cs-vm NetworkManager[819]: <info>  [1517559007.9048]   gateway 192.168.220.2
Feb  2 01:10:07 cu-cs-vm NetworkManager[819]: <info>  [1517559007.9048]   server identifier 192.168.220.254
Feb  2 01:10:07 cu-cs-vm NetworkManager[819]: <info>  [1517559007.9048]   lease time 1800
Feb  2 01:10:07 cu-cs-vm NetworkManager[819]: <info>  [1517559007.9048]   nameserver '192.168.220.2'
Feb  2 01:10:07 cu-cs-vm NetworkManager[819]: <info>  [1517559007.9049]   domain name 'localdomain'
Feb  2 01:10:07 cu-cs-vm NetworkManager[819]: <info>  [1517559007.9049]   wins '192.168.220.2'
Feb  2 01:10:07 cu-cs-vm NetworkManager[819]: <info>  [1517559007.9049] dhcp4 (ens33): state changed bound -> bound
Feb  2 01:10:07 cu-cs-vm dbus[799]: [system] Activating via systemd: service name='org.freedesktop.nm_dispatcher' unit='dbus-org.freedesktop.nm-dispatcher.service'
Feb  2 01:10:07 cu-cs-vm systemd[1]: Starting Network Manager Script Dispatcher Service...
Feb  2 01:10:07 cu-cs-vm dhclient[992]: bound to 192.168.220.129 -- renewal in 822 seconds.
Feb  2 01:10:07 cu-cs-vm dbus[799]: [system] Successfully activated service 'org.freedesktop.nm_dispatcher'
Feb  2 01:10:07 cu-cs-vm systemd[1]: Started Network Manager Script Dispatcher Service.
Feb  2 01:10:07 cu-cs-vm nm-dispatcher: req:1 'dhcp4-change' [ens33]: new request (1 scripts)
Feb  2 01:10:07 cu-cs-vm nm-dispatcher: req:1 'dhcp4-change' [ens33]: start running ordered scripts...
Feb  2 14:00:00 cu-cs-vm rsyslogd: [origin software="rsyslogd" swVersion="8.16.0" x-pid="787" x-info="http://www.rsyslog.com"] start
Feb  2 14:00:00 cu-cs-vm systemd-modules-load[346]: Inserted module 'lp'
Feb  2 14:00:00 cu-cs-vm rsyslogd-2222: command 'KLogPermitNonKernelFacility' is currently not permitted - did you already set it via a RainerScript command (v6+ config)? [v8.16.0 try http://www.rsyslog.com/e/2222 ]
Feb  2 14:00:00 cu-cs-vm rsyslogd: rsyslogd's groupid changed to 108
Feb  2 14:00:00 cu-cs-vm rsyslogd: rsyslogd's userid changed to 104
Feb  2 14:00:00 cu-cs-vm systemd-modules-load[346]: Inserted module 'ppdev'
Feb  2 14:00:00 cu-cs-vm systemd-modules-load[346]: Inserted module 'parport_pc'
Feb  2 14:00:00 cu-cs-vm systemd[1]: Reached target Network (Pre).
Feb  2 14:00:00 cu-cs-vm systemd[1]: Starting Create Static Device Nodes in /dev...
Feb  2 14:00:00 cu-cs-vm systemd[1]: Mounting FUSE Control File System...
Feb  2 14:00:00 cu-cs-vm systemd[1]: Mounting Configuration File System...
Feb  2 14:00:00 cu-cs-vm systemd[1]: Starting Apply Kernel Variables...
Feb  2 14:00:00 cu-cs-vm systemd[1]: Mounted FUSE Control File System.
Feb  2 14:00:00 cu-cs-vm loadkeys[359]: Loading /etc/console-setup/cached.kmap.gz
Feb  2 14:00:00 cu-cs-vm systemd[1]: Mounted Configuration File System.
Feb  2 14:00:00 cu-cs-vm systemd[1]: Started Set console keymap.
Feb  2 14:00:00 cu-cs-vm systemd[1]: Started Create Static Device Nodes in /dev.
Feb  2 14:00:00 cu-cs-vm systemd[1]: Starting udev Kernel Device Manager...
Feb  2 14:00:00 cu-cs-vm systemd[1]: Started Apply Kernel Variables.
Feb  2 14:00:00 cu-cs-vm systemd[1]: Started udev Kernel Device Manager.
Feb  2 14:00:00 cu-cs-vm systemd[1]: Starting Remount Root and Kernel File Systems...
Feb  2 14:00:00 cu-cs-vm systemd[1]: Started Remount Root and Kernel File Systems.
Feb  2 14:00:00 cu-cs-vm systemd[1]: Reached target Local File Systems (Pre).
Feb  2 14:00:00 cu-cs-vm systemd[1]: Starting Load/Save Random Seed...
Feb  2 14:00:00 cu-cs-vm systemd[1]: Starting udev Coldplug all Devices...
Feb  2 14:00:00 cu-cs-vm systemd[1]: Starting Flush Journal to Persistent Storage...
Feb  2 14:00:00 cu-cs-vm systemd[1]: Started Flush Journal to Persistent Storage.
Feb  2 14:00:00 cu-cs-vm systemd[1]: Started Load/Save Random Seed.
Feb  2 14:00:00 cu-cs-vm systemd[1]: Started udev Coldplug all Devices.
Feb  2 14:00:00 cu-cs-vm systemd[1]: Started Dispatch Password Requests to Console Directory Watch.
Feb  2 14:00:00 cu-cs-vm mtp-probe: checking bus 2, device 2: "/sys/devices/pci0000:00/0000:00:11.0/0000:02:00.0/usb2/2-1"
Feb  2 14:00:00 cu-cs-vm mtp-probe: bus: 2, device: 2 was not an MTP device
Feb  2 14:00:00 cu-cs-vm systemd[1]: Listening on Load/Save RF Kill Switch Status /dev/rfkill Watch.
Feb  2 14:00:00 cu-cs-vm systemd[1]: Found device VMware_Virtual_SATA_Hard_Drive 1.
Feb  2 14:00:00 cu-cs-vm systemd[1]: Starting File System Check on /dev/disk/by-uuid/bb1213fd-aa15-420b-8d34-682b907abadc...
Feb  2 14:00:00 cu-cs-vm systemd[1]: Started File System Check Daemon to report status.
Feb  2 14:00:00 cu-cs-vm systemd[1]: Started File System Check on /dev/disk/by-uuid/bb1213fd-aa15-420b-8d34-682b907abadc.
Feb  2 14:00:00 cu-cs-vm systemd[1]: Mounting /home...
Feb  2 14:00:00 cu-cs-vm systemd[1]: Mounted /home.
Feb  2 14:00:00 cu-cs-vm systemd[1]: Reached target Local File Systems.
Feb  2 14:00:00 cu-cs-vm systemd[1]: Starting LSB: AppArmor initialization...
Feb  2 14:00:00 cu-cs-vm systemd[1]: Starting Set console font and keymap...
Feb  2 14:00:00 cu-cs-vm systemd[1]: Starting Tell Plymouth To Write Out Runtime Data...
Feb  2 14:00:00 cu-cs-vm systemd[1]: Starting Enable support for additional executable binary formats...
Feb  2 14:00:00 cu-cs-vm systemd[1]: Starting Create Volatile Files and Directories...
Feb  2 14:00:00 cu-cs-vm systemd-tmpfiles[615]: [/usr/lib/tmpfiles.d/var.conf:14] Duplicate line for path "/var/log", ignoring.
Feb  2 14:00:00 cu-cs-vm systemd[1]: Started Tell Plymouth To Write Out Runtime Data.
Feb  2 14:00:00 cu-cs-vm systemd[1]: Started Create Volatile Files and Directories.
Feb  2 14:00:00 cu-cs-vm systemd[1]: Starting Network Time Synchronization...
Feb  2 14:00:00 cu-cs-vm systemd[1]: Starting Update UTMP about System Boot/Shutdown...
Feb  2 14:00:00 cu-cs-vm systemd[1]: proc-sys-fs-binfmt_misc.automount: Got automount request for /proc/sys/fs/binfmt_misc, triggered by 614 (update-binfmts)
Feb  2 14:00:00 cu-cs-vm systemd[1]: Mounting Arbitrary Executable File Formats File System...
Feb  2 14:00:00 cu-cs-vm systemd[1]: Started Update UTMP about System Boot/Shutdown.
Feb  2 14:00:00 cu-cs-vm systemd[1]: Started Network Time Synchronization.
Feb  2 14:00:00 cu-cs-vm systemd[1]: Reached target System Time Synchronized.
Feb  2 14:00:00 cu-cs-vm systemd[1]: Mounted Arbitrary Executable File Formats File System.
Feb  2 14:00:00 cu-cs-vm systemd[1]: Started Enable support for additional executable binary formats.
Feb  2 14:00:00 cu-cs-vm apparmor[611]:  * Starting AppArmor profiles
Feb  2 14:00:00 cu-cs-vm systemd[1]: Started Set console font and keymap.
Feb  2 14:00:00 cu-cs-vm systemd[1]: Created slice system-getty.slice.
Feb  2 14:00:00 cu-cs-vm apparmor[611]: Skipping profile in /etc/apparmor.d/disable: usr.bin.firefox
Feb  2 14:00:00 cu-cs-vm apparmor[611]: Skipping profile in /etc/apparmor.d/disable: usr.sbin.rsyslogd
Feb  2 14:00:00 cu-cs-vm apparmor[611]:    ...done.
Feb  2 14:00:00 cu-cs-vm systemd[1]: Started LSB: AppArmor initialization.
Feb  2 14:00:00 cu-cs-vm systemd[1]: Starting Raise network interfaces...
Feb  2 14:00:00 cu-cs-vm systemd[1]: Reached target System Initialization.
Feb  2 14:00:00 cu-cs-vm systemd[1]: Started Daily Cleanup of Temporary Directories.
Feb  2 14:00:00 cu-cs-vm systemd[1]: Listening on D-Bus System Message Bus Socket.
Feb  2 14:00:00 cu-cs-vm systemd[1]: Listening on Avahi mDNS/DNS-SD Stack Activation Socket.
Feb  2 14:00:00 cu-cs-vm systemd[1]: Listening on CUPS Scheduler.
Feb  2 14:00:00 cu-cs-vm systemd[1]: Listening on UUID daemon activation socket.
Feb  2 14:00:00 cu-cs-vm systemd[1]: Started Timer to automatically refresh installed snaps.
Feb  2 14:00:00 cu-cs-vm systemd[1]: Started CUPS Scheduler.
Feb  2 14:00:00 cu-cs-vm systemd[1]: Listening on ACPID Listen Socket.
Feb  2 14:00:00 cu-cs-vm systemd[1]: Starting Socket activation for snappy daemon.
Feb  2 14:00:00 cu-cs-vm systemd[1]: Started ACPI Events Check.
Feb  2 14:00:00 cu-cs-vm systemd[1]: Reached target Paths.
Feb  2 14:00:00 cu-cs-vm systemd[1]: Listening on Socket activation for snappy daemon.
Feb  2 14:00:00 cu-cs-vm systemd[1]: Reached target Sockets.
Feb  2 14:00:00 cu-cs-vm systemd[1]: Reached target Basic System.
Feb  2 14:00:00 cu-cs-vm systemd[1]: Starting LSB: Record successful boot for GRUB...
Feb  2 14:00:00 cu-cs-vm systemd[1]: Starting LSB: daemon to balance interrupts for SMP systems...
Feb  2 14:00:00 cu-cs-vm systemd[1]: Starting Avahi mDNS/DNS-SD Stack...
Feb  2 14:00:00 cu-cs-vm systemd[1]: Started D-Bus System Message Bus.
Feb  2 14:00:00 cu-cs-vm avahi-daemon[751]: Found user 'avahi' (UID 111) and group 'avahi' (GID 120).
Feb  2 14:00:00 cu-cs-vm avahi-daemon[751]: Successfully dropped root privileges.
Feb  2 14:00:00 cu-cs-vm avahi-daemon[751]: avahi-daemon 0.6.32-rc starting up.
Feb  2 14:00:00 cu-cs-vm dbus[752]: [system] AppArmor D-Bus mediation is enabled
Feb  2 14:00:00 cu-cs-vm avahi-daemon[751]: Successfully called chroot().
Feb  2 14:00:00 cu-cs-vm avahi-daemon[751]: Successfully dropped remaining capabilities.
Feb  2 14:00:00 cu-cs-vm avahi-daemon[751]: No service file found in /etc/avahi/services.
Feb  2 14:00:00 cu-cs-vm avahi-daemon[751]: Network interface enumeration completed.
Feb  2 14:00:00 cu-cs-vm avahi-daemon[751]: Server startup complete. Host name is cu-cs-vm.local. Local service cookie is 2424488622.
Feb  2 14:00:00 cu-cs-vm systemd[1]: Started Avahi mDNS/DNS-SD Stack.
Feb  2 14:00:00 cu-cs-vm systemd[1]: Started Regular background program processing daemon.
Feb  2 14:00:00 cu-cs-vm systemd[1]: Started Run anacron jobs.
Feb  2 14:00:00 cu-cs-vm systemd[1]: Starting Detect the available GPUs and deal with any system changes...
Feb  2 14:00:00 cu-cs-vm systemd[1]: Starting System Logging Service...
Feb  2 14:00:00 cu-cs-vm systemd[1]: Starting Permit User Sessions...
Feb  2 14:00:00 cu-cs-vm systemd[1]: Starting Accounts Service...
Feb  2 14:00:00 cu-cs-vm systemd[1]: Started ACPI event daemon.
Feb  2 14:00:00 cu-cs-vm systemd[1]: Starting Thermal Daemon Service...
Feb  2 14:00:00 cu-cs-vm cron[782]: (CRON) INFO (pidfile fd = 3)
Feb  2 14:00:00 cu-cs-vm systemd[1]: Started Service for virtual machines hosted on VMware.
Feb  2 14:00:00 cu-cs-vm systemd[1]: Starting Restore /etc/resolv.conf if the system crashed before the ppp link was shut down...
Feb  2 14:00:00 cu-cs-vm systemd[1]: Starting LSB: Execute the kexec -e command to reboot system...
Feb  2 14:00:00 cu-cs-vm systemd[1]: Started uptime record daemon.
Feb  2 14:00:00 cu-cs-vm systemd[1]: Starting LSB: automatic crash report generation...
Feb  2 14:00:00 cu-cs-vm systemd[1]: Starting Network Manager...
Feb  2 14:00:00 cu-cs-vm systemd[1]: Starting Snappy daemon...
Feb  2 14:00:00 cu-cs-vm systemd[1]: Starting LSB: Speech Dispatcher...
Feb  2 14:00:00 cu-cs-vm systemd[1]: Starting Initialize hardware monitoring sensors...
Feb  2 14:00:00 cu-cs-vm systemd[1]: Started CUPS Scheduler.
Feb  2 14:00:00 cu-cs-vm systemd[1]: Started Make remote CUPS printers available locally.
Feb  2 14:00:00 cu-cs-vm anacron[784]: Anacron 2.3 started on 2018-02-02
Feb  2 14:00:00 cu-cs-vm systemd[1]: Starting LSB: Set the CPU Frequency Scaling governor to "ondemand"...
Feb  2 14:00:00 cu-cs-vm cron[782]: (CRON) INFO (Running @reboot jobs)
Feb  2 14:00:00 cu-cs-vm systemd[1]: Starting Modem Manager...
Feb  2 14:00:00 cu-cs-vm anacron[784]: Normal exit (0 jobs run)
Feb  2 14:00:00 cu-cs-vm systemd[1]: Starting Login Service...
Feb  2 14:00:00 cu-cs-vm systemd[1]: Started Permit User Sessions.
Feb  2 14:00:00 cu-cs-vm systemd[1]: Started Restore /etc/resolv.conf if the system crashed before the ppp link was shut down.
Feb  2 14:00:00 cu-cs-vm gpu-manager[785]: /etc/modprobe.d is not a file
Feb  2 14:00:00 cu-cs-vm gpu-manager[785]: message repeated 4 times: [ /etc/modprobe.d is not a file]
Feb  2 14:00:00 cu-cs-vm irqbalance[750]:  * Starting SMP IRQ Balancer: irqbalance
Feb  2 14:00:00 cu-cs-vm gpu-manager[785]: Error: can't open /lib/modules/4.13.13OS_Rev1/updates/dkms
Feb  2 14:00:00 cu-cs-vm gpu-manager[785]: Error: can't open /lib/modules/4.13.13OS_Rev1/updates/dkms
Feb  2 14:00:00 cu-cs-vm speech-dispatcher[806]:  * speech-dispatcher disabled; edit /etc/default/speech-dispatcher
Feb  2 14:00:00 cu-cs-vm systemd[1]: Started LSB: Execute the kexec -e command to reboot system.
Feb  2 14:00:00 cu-cs-vm apport[801]:  * Starting automatic crash report generation: apport
Feb  2 14:00:00 cu-cs-vm systemd[1]: Started LSB: Speech Dispatcher.
Feb  2 14:00:00 cu-cs-vm systemd[1]: Starting LSB: Load kernel image with kexec...
Feb  2 14:00:00 cu-cs-vm ModemManager[812]: <info>  ModemManager (version 1.4.12) starting in system bus...
Feb  2 14:00:00 cu-cs-vm dbus[752]: [system] Activating via systemd: service name='org.freedesktop.PolicyKit1' unit='polkitd.service'
Feb  2 14:00:00 cu-cs-vm systemd[1]: Starting Authenticate and Authorize Users to Run Privileged Tasks...
Feb  2 14:00:00 cu-cs-vm systemd[1]: Started LSB: Load kernel image with kexec.
Feb  2 14:00:00 cu-cs-vm kernel: [    0.000000] random: get_random_bytes called from start_kernel+0x42/0x504 with crng_init=0
Feb  2 14:00:00 cu-cs-vm kernel: [    0.000000] Linux version 4.13.13OS_Rev1 (root@cu-cs-vm) (gcc version 5.4.0 20160609 (Ubuntu 5.4.0-6ubuntu1~16.04.5)) #1 SMP Tue Jan 30 23:24:33 MST 2018 (Ubuntu 4.13.0-32.35~16.04.1-generic 4.13.13)
Feb  2 14:00:00 cu-cs-vm kernel: [    0.000000] Command line: BOOT_IMAGE=/@/boot/vmlinuz-4.13.13OS_Rev1 root=UUID=bb1213fd-aa15-420b-8d34-682b907abadc ro rootflags=subvol=@ crashkernel=384M-2G:128M,2G-:256M
Feb  2 14:00:00 cu-cs-vm kernel: [    0.000000] KERNEL supported cpus:
Feb  2 14:00:00 cu-cs-vm kernel: [    0.000000]   Intel GenuineIntel
Feb  2 14:00:00 cu-cs-vm kernel: [    0.000000]   AMD AuthenticAMD
Feb  2 14:00:00 cu-cs-vm kernel: [    0.000000]   Centaur CentaurHauls
Feb  2 14:00:00 cu-cs-vm kernel: [    0.000000] Disabled fast string operations
Feb  2 14:00:00 cu-cs-vm kernel: [    0.000000] x86/fpu: Supporting XSAVE feature 0x001: 'x87 floating point registers'
Feb  2 14:00:00 cu-cs-vm kernel: [    0.000000] x86/fpu: Supporting XSAVE feature 0x002: 'SSE registers'
Feb  2 14:00:00 cu-cs-vm kernel: [    0.000000] x86/fpu: Supporting XSAVE feature 0x004: 'AVX registers'
Feb  2 14:00:00 cu-cs-vm kernel: [    0.000000] x86/fpu: xstate_offset[2]:  576, xstate_sizes[2]:  256
Feb  2 14:00:00 cu-cs-vm kernel: [    0.000000] x86/fpu: Enabled xstate features 0x7, context size is 832 bytes, using 'standard' format.
Feb  2 14:00:00 cu-cs-vm kernel: [    0.000000] e820: BIOS-provided physical RAM map:
Feb  2 14:00:00 cu-cs-vm kernel: [    0.000000] BIOS-e820: [mem 0x0000000000000000-0x000000000009e7ff] usable
Feb  2 14:00:00 cu-cs-vm kernel: [    0.000000] BIOS-e820: [mem 0x000000000009e800-0x000000000009ffff] reserved
Feb  2 14:00:00 cu-cs-vm kernel: [    0.000000] BIOS-e820: [mem 0x00000000000dc000-0x00000000000fffff] reserved
Feb  2 14:00:00 cu-cs-vm kernel: [    0.000000] BIOS-e820: [mem 0x0000000000100000-0x00000000bfecffff] usable
Feb  2 14:00:00 cu-cs-vm kernel: [    0.000000] BIOS-e820: [mem 0x00000000bfed0000-0x00000000bfefefff] ACPI data
Feb  2 14:00:00 cu-cs-vm kernel: [    0.000000] BIOS-e820: [mem 0x00000000bfeff000-0x00000000bfefffff] ACPI NVS
Feb  2 14:00:00 cu-cs-vm kernel: [    0.000000] BIOS-e820: [mem 0x00000000bff00000-0x00000000bfffffff] usable
Feb  2 14:00:00 cu-cs-vm kernel: [    0.000000] BIOS-e820: [mem 0x00000000f0000000-0x00000000f7ffffff] reserved
Feb  2 14:00:00 cu-cs-vm kernel: [    0.000000] BIOS-e820: [mem 0x00000000fec00000-0x00000000fec0ffff] reserved
Feb  2 14:00:00 cu-cs-vm kernel: [    0.000000] BIOS-e820: [mem 0x00000000fee00000-0x00000000fee00fff] reserved
Feb  2 14:00:00 cu-cs-vm kernel: [    0.000000] BIOS-e820: [mem 0x00000000fffe0000-0x00000000ffffffff] reserved
Feb  2 14:00:00 cu-cs-vm kernel: [    0.000000] BIOS-e820: [mem 0x0000000100000000-0x000000013fffffff] usable
Feb  2 14:00:00 cu-cs-vm kernel: [    0.000000] NX (Execute Disable) protection: active
Feb  2 14:00:00 cu-cs-vm kernel: [    0.000000] random: fast init done
Feb  2 14:00:00 cu-cs-vm kernel: [    0.000000] SMBIOS 2.7 present.
Feb  2 14:00:00 cu-cs-vm kernel: [    0.000000] DMI: VMware, Inc. VMware Virtual Platform/440BX Desktop Reference Platform, BIOS 6.00 05/19/2017
Feb  2 14:00:00 cu-cs-vm kernel: [    0.000000] Hypervisor detected: VMware
Feb  2 14:00:00 cu-cs-vm kernel: [    0.000000] vmware: TSC freq read from hypervisor : 2399.998 MHz
Feb  2 14:00:00 cu-cs-vm kernel: [    0.000000] vmware: Host bus clock speed read from hypervisor : 66000000 Hz
Feb  2 14:00:00 cu-cs-vm kernel: [    0.000000] vmware: using sched offset of 17709785976 ns
Feb  2 14:00:00 cu-cs-vm kernel: [    0.000000] e820: update [mem 0x00000000-0x00000fff] usable ==> reserved
Feb  2 14:00:00 cu-cs-vm kernel: [    0.000000] e820: remove [mem 0x000a0000-0x000fffff] usable
Feb  2 14:00:00 cu-cs-vm kernel: [    0.000000] e820: last_pfn = 0x140000 max_arch_pfn = 0x400000000
Feb  2 14:00:00 cu-cs-vm kernel: [    0.000000] MTRR default type: uncachable
Feb  2 14:00:00 cu-cs-vm kernel: [    0.000000] MTRR fixed ranges enabled:
Feb  2 14:00:00 cu-cs-vm kernel: [    0.000000]   00000-9FFFF write-back
Feb  2 14:00:00 cu-cs-vm kernel: [    0.000000]   A0000-BFFFF uncachable
Feb  2 14:00:00 cu-cs-vm kernel: [    0.000000]   C0000-CBFFF write-protect
Feb  2 14:00:00 cu-cs-vm kernel: [    0.000000]   CC000-EFFFF uncachable
Feb  2 14:00:00 cu-cs-vm kernel: [    0.000000]   F0000-FFFFF write-protect
Feb  2 14:00:00 cu-cs-vm kernel: [    0.000000] MTRR variable ranges enabled:
Feb  2 14:00:00 cu-cs-vm kernel: [    0.000000]   0 base 000C0000000 mask 3FFC0000000 uncachable
Feb  2 14:00:00 cu-cs-vm kernel: [    0.000000]   1 base 00000000000 mask 3E000000000 write-back
Feb  2 14:00:00 cu-cs-vm kernel: [    0.000000]   2 disabled
Feb  2 14:00:00 cu-cs-vm kernel: [    0.000000]   3 disabled
Feb  2 14:00:00 cu-cs-vm kernel: [    0.000000]   4 disabled
Feb  2 14:00:00 cu-cs-vm kernel: [    0.000000]   5 disabled
Feb  2 14:00:00 cu-cs-vm kernel: [    0.000000]   6 disabled
Feb  2 14:00:00 cu-cs-vm kernel: [    0.000000]   7 disabled
Feb  2 14:00:00 cu-cs-vm kernel: [    0.000000] x86/PAT: Configuration [0-7]: WB  WC  UC- UC  WB  WC  UC- WT  
Feb  2 14:00:00 cu-cs-vm kernel: [    0.000000] total RAM covered: 130048M
Feb  2 14:00:00 cu-cs-vm kernel: [    0.000000] Found optimal setting for mtrr clean up
Feb  2 14:00:00 cu-cs-vm kernel: [    0.000000]  gran_size: 64K 	chunk_size: 64K 	num_reg: 7  	lose cover RAM: 0G
Feb  2 14:00:00 cu-cs-vm kernel: [    0.000000] e820: update [mem 0xc0000000-0xffffffff] usable ==> reserved
Feb  2 14:00:00 cu-cs-vm kernel: [    0.000000] e820: last_pfn = 0xc0000 max_arch_pfn = 0x400000000
Feb  2 14:00:00 cu-cs-vm kernel: [    0.000000] found SMP MP-table at [mem 0x000f6a80-0x000f6a8f] mapped at [ffff9441000f6a80]
Feb  2 14:00:00 cu-cs-vm kernel: [    0.000000] Scanning 1 areas for low memory corruption
Feb  2 14:00:00 cu-cs-vm kernel: [    0.000000] Base memory trampoline at [ffff944100098000] 98000 size 24576
Feb  2 14:00:00 cu-cs-vm kernel: [    0.000000] Using GB pages for direct mapping
Feb  2 14:00:00 cu-cs-vm kernel: [    0.000000] BRK [0x81d0a000, 0x81d0afff] PGTABLE
Feb  2 14:00:00 cu-cs-vm kernel: [    0.000000] BRK [0x81d0b000, 0x81d0bfff] PGTABLE
Feb  2 14:00:00 cu-cs-vm kernel: [    0.000000] BRK [0x81d0c000, 0x81d0cfff] PGTABLE
Feb  2 14:00:00 cu-cs-vm kernel: [    0.000000] BRK [0x81d0d000, 0x81d0dfff] PGTABLE
Feb  2 14:00:00 cu-cs-vm kernel: [    0.000000] RAMDISK: [mem 0x3467e000-0x36336fff]
Feb  2 14:00:00 cu-cs-vm rsyslogd-2039: Could not open output pipe '/dev/xconsole':: No such file or directory [v8.16.0 try http://www.rsyslog.com/e/2039 ]
Feb  2 14:00:00 cu-cs-vm rsyslogd-2007: action 'action 10' suspended, next retry is Fri Feb  2 14:00:30 2018 [v8.16.0 try http://www.rsyslog.com/e/2007 ]
Feb  2 14:00:00 cu-cs-vm kernel: [    0.000000] ACPI: Early table checksum verification disabled
Feb  2 14:00:00 cu-cs-vm kernel: [    0.000000] ACPI: RSDP 0x00000000000F6A10 000024 (v02 PTLTD )
Feb  2 14:00:00 cu-cs-vm kernel: [    0.000000] ACPI: XSDT 0x00000000BFEDD677 000054 (v01 INTEL  440BX    06040000 VMW  01324272)
Feb  2 14:00:00 cu-cs-vm kernel: [    0.000000] ACPI: FACP 0x00000000BFEFEE73 0000F4 (v04 INTEL  440BX    06040000 PTL  000F4240)
Feb  2 14:00:00 cu-cs-vm kernel: [    0.000000] ACPI: DSDT 0x00000000BFEDEB22 020351 (v01 PTLTD  Custom   06040000 MSFT 03000001)
Feb  2 14:00:00 cu-cs-vm kernel: [    0.000000] ACPI: FACS 0x00000000BFEFFFC0 000040
Feb  2 14:00:00 cu-cs-vm kernel: [    0.000000] ACPI: FACS 0x00000000BFEFFFC0 000040
Feb  2 14:00:00 cu-cs-vm kernel: [    0.000000] ACPI: BOOT 0x00000000BFEDEAFA 000028 (v01 PTLTD  $SBFTBL$ 06040000  LTP 00000001)
Feb  2 14:00:00 cu-cs-vm kernel: [    0.000000] ACPI: APIC 0x00000000BFEDE3B8 000742 (v01 PTLTD  ? APIC   06040000  LTP 00000000)
Feb  2 14:00:00 cu-cs-vm kernel: [    0.000000] ACPI: MCFG 0x00000000BFEDE37C 00003C (v01 PTLTD  $PCITBL$ 06040000  LTP 00000001)
Feb  2 14:00:00 cu-cs-vm kernel: [    0.000000] ACPI: SRAT 0x00000000BFEDD72F 0008D0 (v02 VMWARE MEMPLUG  06040000 VMW  00000001)
Feb  2 14:00:00 cu-cs-vm kernel: [    0.000000] ACPI: WAET 0x00000000BFEDD707 000028 (v01 VMWARE VMW WAET 06040000 VMW  00000001)
Feb  2 14:00:00 cu-cs-vm kernel: [    0.000000] ACPI: Local APIC address 0xfee00000
Feb  2 14:00:00 cu-cs-vm kernel: [    0.000000] system APIC only can use physical flat
Feb  2 14:00:00 cu-cs-vm kernel: [    0.000000] Setting APIC routing to physical flat.
Feb  2 14:00:00 cu-cs-vm kernel: [    0.000000] SRAT: PXM 0 -> APIC 0x00 -> Node 0
Feb  2 14:00:00 cu-cs-vm kernel: [    0.000000] SRAT: PXM 0 -> APIC 0x02 -> Node 0
Feb  2 14:00:00 cu-cs-vm kernel: [    0.000000] SRAT: PXM 0 -> APIC 0x04 -> Node 0
Feb  2 14:00:00 cu-cs-vm kernel: [    0.000000] SRAT: PXM 0 -> APIC 0x06 -> Node 0
Feb  2 14:00:00 cu-cs-vm kernel: [    0.000000] SRAT: PXM 0 -> APIC 0x08 -> Node 0
Feb  2 14:00:00 cu-cs-vm kernel: [    0.000000] SRAT: PXM 0 -> APIC 0x0a -> Node 0
Feb  2 14:00:00 cu-cs-vm kernel: [    0.000000] SRAT: PXM 0 -> APIC 0x0c -> Node 0
Feb  2 14:00:00 cu-cs-vm kernel: [    0.000000] SRAT: PXM 0 -> APIC 0x0e -> Node 0
Feb  2 14:00:00 cu-cs-vm kernel: [    0.000000] SRAT: PXM 0 -> APIC 0x10 -> Node 0
Feb  2 14:00:00 cu-cs-vm kernel: [    0.000000] SRAT: PXM 0 -> APIC 0x12 -> Node 0
Feb  2 14:00:00 cu-cs-vm kernel: [    0.000000] SRAT: PXM 0 -> APIC 0x14 -> Node 0
Feb  2 14:00:00 cu-cs-vm kernel: [    0.000000] SRAT: PXM 0 -> APIC 0x16 -> Node 0
Feb  2 14:00:00 cu-cs-vm kernel: [    0.000000] SRAT: PXM 0 -> APIC 0x18 -> Node 0
Feb  2 14:00:00 cu-cs-vm kernel: [    0.000000] SRAT: PXM 0 -> APIC 0x1a -> Node 0
Feb  2 14:00:00 cu-cs-vm kernel: [    0.000000] SRAT: PXM 0 -> APIC 0x1c -> Node 0
Feb  2 14:00:00 cu-cs-vm kernel: [    0.000000] SRAT: PXM 0 -> APIC 0x1e -> Node 0
Feb  2 14:00:00 cu-cs-vm kernel: [    0.000000] SRAT: PXM 0 -> APIC 0x20 -> Node 0
Feb  2 14:00:00 cu-cs-vm kernel: [    0.000000] SRAT: PXM 0 -> APIC 0x22 -> Node 0
Feb  2 14:00:00 cu-cs-vm kernel: [    0.000000] SRAT: PXM 0 -> APIC 0x24 -> Node 0
Feb  2 14:00:00 cu-cs-vm kernel: [    0.000000] SRAT: PXM 0 -> APIC 0x26 -> Node 0
Feb  2 14:00:00 cu-cs-vm kernel: [    0.000000] SRAT: PXM 0 -> APIC 0x28 -> Node 0
Feb  2 14:00:00 cu-cs-vm kernel: [    0.000000] SRAT: PXM 0 -> APIC 0x2a -> Node 0
Feb  2 14:00:00 cu-cs-vm kernel: [    0.000000] SRAT: PXM 0 -> APIC 0x2c -> Node 0
Feb  2 14:00:00 cu-cs-vm kernel: [    0.000000] SRAT: PXM 0 -> APIC 0x2e -> Node 0
Feb  2 14:00:00 cu-cs-vm kernel: [    0.000000] SRAT: PXM 0 -> APIC 0x30 -> Node 0
Feb  2 14:00:00 cu-cs-vm kernel: [    0.000000] SRAT: PXM 0 -> APIC 0x32 -> Node 0
Feb  2 14:00:00 cu-cs-vm kernel: [    0.000000] SRAT: PXM 0 -> APIC 0x34 -> Node 0
Feb  2 14:00:00 cu-cs-vm kernel: [    0.000000] SRAT: PXM 0 -> APIC 0x36 -> Node 0
Feb  2 14:00:00 cu-cs-vm kernel: [    0.000000] SRAT: PXM 0 -> APIC 0x38 -> Node 0
Feb  2 14:00:00 cu-cs-vm kernel: [    0.000000] SRAT: PXM 0 -> APIC 0x3a -> Node 0
Feb  2 14:00:00 cu-cs-vm kernel: [    0.000000] SRAT: PXM 0 -> APIC 0x3c -> Node 0
Feb  2 14:00:00 cu-cs-vm kernel: [    0.000000] SRAT: PXM 0 -> APIC 0x3e -> Node 0
Feb  2 14:00:00 cu-cs-vm kernel: [    0.000000] SRAT: PXM 0 -> APIC 0x40 -> Node 0
Feb  2 14:00:00 cu-cs-vm kernel: [    0.000000] SRAT: PXM 0 -> APIC 0x42 -> Node 0
Feb  2 14:00:00 cu-cs-vm kernel: [    0.000000] SRAT: PXM 0 -> APIC 0x44 -> Node 0
Feb  2 14:00:00 cu-cs-vm kernel: [    0.000000] SRAT: PXM 0 -> APIC 0x46 -> Node 0
Feb  2 14:00:00 cu-cs-vm kernel: [    0.000000] SRAT: PXM 0 -> APIC 0x48 -> Node 0
Feb  2 14:00:00 cu-cs-vm kernel: [    0.000000] SRAT: PXM 0 -> APIC 0x4a -> Node 0
Feb  2 14:00:00 cu-cs-vm kernel: [    0.000000] SRAT: PXM 0 -> APIC 0x4c -> Node 0
Feb  2 14:00:00 cu-cs-vm kernel: [    0.000000] SRAT: PXM 0 -> APIC 0x4e -> Node 0
Feb  2 14:00:00 cu-cs-vm kernel: [    0.000000] SRAT: PXM 0 -> APIC 0x50 -> Node 0
Feb  2 14:00:00 cu-cs-vm kernel: [    0.000000] SRAT: PXM 0 -> APIC 0x52 -> Node 0
Feb  2 14:00:00 cu-cs-vm kernel: [    0.000000] SRAT: PXM 0 -> APIC 0x54 -> Node 0
Feb  2 14:00:00 cu-cs-vm kernel: [    0.000000] SRAT: PXM 0 -> APIC 0x56 -> Node 0
Feb  2 14:00:00 cu-cs-vm kernel: [    0.000000] SRAT: PXM 0 -> APIC 0x58 -> Node 0
Feb  2 14:00:00 cu-cs-vm kernel: [    0.000000] SRAT: PXM 0 -> APIC 0x5a -> Node 0
Feb  2 14:00:00 cu-cs-vm kernel: [    0.000000] SRAT: PXM 0 -> APIC 0x5c -> Node 0
Feb  2 14:00:00 cu-cs-vm kernel: [    0.000000] SRAT: PXM 0 -> APIC 0x5e -> Node 0
Feb  2 14:00:00 cu-cs-vm kernel: [    0.000000] SRAT: PXM 0 -> APIC 0x60 -> Node 0
Feb  2 14:00:00 cu-cs-vm kernel: [    0.000000] SRAT: PXM 0 -> APIC 0x62 -> Node 0
Feb  2 14:00:00 cu-cs-vm kernel: [    0.000000] SRAT: PXM 0 -> APIC 0x64 -> Node 0
Feb  2 14:00:00 cu-cs-vm kernel: [    0.000000] SRAT: PXM 0 -> APIC 0x66 -> Node 0
Feb  2 14:00:00 cu-cs-vm kernel: [    0.000000] SRAT: PXM 0 -> APIC 0x68 -> Node 0
Feb  2 14:00:00 cu-cs-vm kernel: [    0.000000] SRAT: PXM 0 -> APIC 0x6a -> Node 0
Feb  2 14:00:00 cu-cs-vm kernel: [    0.000000] SRAT: PXM 0 -> APIC 0x6c -> Node 0
Feb  2 14:00:00 cu-cs-vm kernel: [    0.000000] SRAT: PXM 0 -> APIC 0x6e -> Node 0
Feb  2 14:00:00 cu-cs-vm kernel: [    0.000000] SRAT: PXM 0 -> APIC 0x70 -> Node 0
Feb  2 14:00:00 cu-cs-vm kernel: [    0.000000] SRAT: PXM 0 -> APIC 0x72 -> Node 0
Feb  2 14:00:00 cu-cs-vm kernel: [    0.000000] SRAT: PXM 0 -> APIC 0x74 -> Node 0
Feb  2 14:00:00 cu-cs-vm kernel: [    0.000000] SRAT: PXM 0 -> APIC 0x76 -> Node 0
Feb  2 14:00:00 cu-cs-vm kernel: [    0.000000] SRAT: PXM 0 -> APIC 0x78 -> Node 0
Feb  2 14:00:00 cu-cs-vm kernel: [    0.000000] SRAT: PXM 0 -> APIC 0x7a -> Node 0
Feb  2 14:00:00 cu-cs-vm kernel: [    0.000000] SRAT: PXM 0 -> APIC 0x7c -> Node 0
Feb  2 14:00:00 cu-cs-vm kernel: [    0.000000] SRAT: PXM 0 -> APIC 0x7e -> Node 0
Feb  2 14:00:00 cu-cs-vm kernel: [    0.000000] SRAT: PXM 0 -> APIC 0x80 -> Node 0
Feb  2 14:00:00 cu-cs-vm kernel: [    0.000000] SRAT: PXM 0 -> APIC 0x82 -> Node 0
Feb  2 14:00:00 cu-cs-vm kernel: [    0.000000] SRAT: PXM 0 -> APIC 0x84 -> Node 0
Feb  2 14:00:00 cu-cs-vm kernel: [    0.000000] SRAT: PXM 0 -> APIC 0x86 -> Node 0
Feb  2 14:00:00 cu-cs-vm kernel: [    0.000000] SRAT: PXM 0 -> APIC 0x88 -> Node 0
Feb  2 14:00:00 cu-cs-vm kernel: [    0.000000] SRAT: PXM 0 -> APIC 0x8a -> Node 0
Feb  2 14:00:00 cu-cs-vm kernel: [    0.000000] SRAT: PXM 0 -> APIC 0x8c -> Node 0
Feb  2 14:00:00 cu-cs-vm kernel: [    0.000000] SRAT: PXM 0 -> APIC 0x8e -> Node 0
Feb  2 14:00:00 cu-cs-vm kernel: [    0.000000] SRAT: PXM 0 -> APIC 0x90 -> Node 0
Feb  2 14:00:00 cu-cs-vm kernel: [    0.000000] SRAT: PXM 0 -> APIC 0x92 -> Node 0
Feb  2 14:00:00 cu-cs-vm kernel: [    0.000000] SRAT: PXM 0 -> APIC 0x94 -> Node 0
Feb  2 14:00:00 cu-cs-vm kernel: [    0.000000] SRAT: PXM 0 -> APIC 0x96 -> Node 0
Feb  2 14:00:00 cu-cs-vm kernel: [    0.000000] SRAT: PXM 0 -> APIC 0x98 -> Node 0
Feb  2 14:00:00 cu-cs-vm kernel: [    0.000000] SRAT: PXM 0 -> APIC 0x9a -> Node 0
Feb  2 14:00:00 cu-cs-vm kernel: [    0.000000] SRAT: PXM 0 -> APIC 0x9c -> Node 0
Feb  2 14:00:00 cu-cs-vm kernel: [    0.000000] SRAT: PXM 0 -> APIC 0x9e -> Node 0
Feb  2 14:00:00 cu-cs-vm kernel: [    0.000000] SRAT: PXM 0 -> APIC 0xa0 -> Node 0
Feb  2 14:00:00 cu-cs-vm kernel: [    0.000000] SRAT: PXM 0 -> APIC 0xa2 -> Node 0
Feb  2 14:00:00 cu-cs-vm kernel: [    0.000000] SRAT: PXM 0 -> APIC 0xa4 -> Node 0
Feb  2 14:00:00 cu-cs-vm kernel: [    0.000000] SRAT: PXM 0 -> APIC 0xa6 -> Node 0
Feb  2 14:00:00 cu-cs-vm kernel: [    0.000000] SRAT: PXM 0 -> APIC 0xa8 -> Node 0
Feb  2 14:00:00 cu-cs-vm kernel: [    0.000000] SRAT: PXM 0 -> APIC 0xaa -> Node 0
Feb  2 14:00:00 cu-cs-vm kernel: [    0.000000] SRAT: PXM 0 -> APIC 0xac -> Node 0
Feb  2 14:00:00 cu-cs-vm kernel: [    0.000000] SRAT: PXM 0 -> APIC 0xae -> Node 0
Feb  2 14:00:00 cu-cs-vm kernel: [    0.000000] SRAT: PXM 0 -> APIC 0xb0 -> Node 0
Feb  2 14:00:00 cu-cs-vm kernel: [    0.000000] SRAT: PXM 0 -> APIC 0xb2 -> Node 0
Feb  2 14:00:00 cu-cs-vm kernel: [    0.000000] SRAT: PXM 0 -> APIC 0xb4 -> Node 0
Feb  2 14:00:00 cu-cs-vm kernel: [    0.000000] SRAT: PXM 0 -> APIC 0xb6 -> Node 0
Feb  2 14:00:00 cu-cs-vm kernel: [    0.000000] SRAT: PXM 0 -> APIC 0xb8 -> Node 0
Feb  2 14:00:00 cu-cs-vm kernel: [    0.000000] SRAT: PXM 0 -> APIC 0xba -> Node 0
Feb  2 14:00:00 cu-cs-vm kernel: [    0.000000] SRAT: PXM 0 -> APIC 0xbc -> Node 0
Feb  2 14:00:00 cu-cs-vm kernel: [    0.000000] SRAT: PXM 0 -> APIC 0xbe -> Node 0
Feb  2 14:00:00 cu-cs-vm kernel: [    0.000000] SRAT: PXM 0 -> APIC 0xc0 -> Node 0
Feb  2 14:00:00 cu-cs-vm kernel: [    0.000000] SRAT: PXM 0 -> APIC 0xc2 -> Node 0
Feb  2 14:00:00 cu-cs-vm kernel: [    0.000000] SRAT: PXM 0 -> APIC 0xc4 -> Node 0
Feb  2 14:00:00 cu-cs-vm kernel: [    0.000000] SRAT: PXM 0 -> APIC 0xc6 -> Node 0
Feb  2 14:00:00 cu-cs-vm kernel: [    0.000000] SRAT: PXM 0 -> APIC 0xc8 -> Node 0
Feb  2 14:00:00 cu-cs-vm kernel: [    0.000000] SRAT: PXM 0 -> APIC 0xca -> Node 0
Feb  2 14:00:00 cu-cs-vm kernel: [    0.000000] SRAT: PXM 0 -> APIC 0xcc -> Node 0
Feb  2 14:00:00 cu-cs-vm kernel: [    0.000000] SRAT: PXM 0 -> APIC 0xce -> Node 0
Feb  2 14:00:00 cu-cs-vm kernel: [    0.000000] SRAT: PXM 0 -> APIC 0xd0 -> Node 0
Feb  2 14:00:00 cu-cs-vm kernel: [    0.000000] SRAT: PXM 0 -> APIC 0xd2 -> Node 0
Feb  2 14:00:00 cu-cs-vm kernel: [    0.000000] SRAT: PXM 0 -> APIC 0xd4 -> Node 0
Feb  2 14:00:00 cu-cs-vm kernel: [    0.000000] SRAT: PXM 0 -> APIC 0xd6 -> Node 0
Feb  2 14:00:00 cu-cs-vm kernel: [    0.000000] SRAT: PXM 0 -> APIC 0xd8 -> Node 0
Feb  2 14:00:00 cu-cs-vm kernel: [    0.000000] SRAT: PXM 0 -> APIC 0xda -> Node 0
Feb  2 14:00:00 cu-cs-vm kernel: [    0.000000] SRAT: PXM 0 -> APIC 0xdc -> Node 0
Feb  2 14:00:00 cu-cs-vm kernel: [    0.000000] SRAT: PXM 0 -> APIC 0xde -> Node 0
Feb  2 14:00:00 cu-cs-vm kernel: [    0.000000] SRAT: PXM 0 -> APIC 0xe0 -> Node 0
Feb  2 14:00:00 cu-cs-vm kernel: [    0.000000] SRAT: PXM 0 -> APIC 0xe2 -> Node 0
Feb  2 14:00:00 cu-cs-vm kernel: [    0.000000] SRAT: PXM 0 -> APIC 0xe4 -> Node 0
Feb  2 14:00:00 cu-cs-vm kernel: [    0.000000] SRAT: PXM 0 -> APIC 0xe6 -> Node 0
Feb  2 14:00:00 cu-cs-vm kernel: [    0.000000] SRAT: PXM 0 -> APIC 0xe8 -> Node 0
Feb  2 14:00:00 cu-cs-vm kernel: [    0.000000] SRAT: PXM 0 -> APIC 0xea -> Node 0
Feb  2 14:00:00 cu-cs-vm kernel: [    0.000000] SRAT: PXM 0 -> APIC 0xec -> Node 0
Feb  2 14:00:00 cu-cs-vm kernel: [    0.000000] SRAT: PXM 0 -> APIC 0xee -> Node 0
Feb  2 14:00:00 cu-cs-vm kernel: [    0.000000] SRAT: PXM 0 -> APIC 0xf0 -> Node 0
Feb  2 14:00:00 cu-cs-vm kernel: [    0.000000] SRAT: PXM 0 -> APIC 0xf2 -> Node 0
Feb  2 14:00:00 cu-cs-vm kernel: [    0.000000] SRAT: PXM 0 -> APIC 0xf4 -> Node 0
Feb  2 14:00:00 cu-cs-vm kernel: [    0.000000] SRAT: PXM 0 -> APIC 0xf6 -> Node 0
Feb  2 14:00:00 cu-cs-vm kernel: [    0.000000] SRAT: PXM 0 -> APIC 0xf8 -> Node 0
Feb  2 14:00:00 cu-cs-vm kernel: [    0.000000] SRAT: PXM 0 -> APIC 0xfa -> Node 0
Feb  2 14:00:00 cu-cs-vm kernel: [    0.000000] SRAT: PXM 0 -> APIC 0xfc -> Node 0
Feb  2 14:00:00 cu-cs-vm kernel: [    0.000000] SRAT: PXM 0 -> APIC 0xfe -> Node 0
Feb  2 14:00:00 cu-cs-vm kernel: [    0.000000] ACPI: SRAT: Node 0 PXM 0 [mem 0x00000000-0x0009ffff]
Feb  2 14:00:00 cu-cs-vm kernel: [    0.000000] ACPI: SRAT: Node 0 PXM 0 [mem 0x00100000-0xbfffffff]
Feb  2 14:00:00 cu-cs-vm kernel: [    0.000000] ACPI: SRAT: Node 0 PXM 0 [mem 0x100000000-0x13fffffff]
Feb  2 14:00:00 cu-cs-vm kernel: [    0.000000] ACPI: SRAT: Node 0 PXM 0 [mem 0x140000000-0x103fffffff] hotplug
Feb  2 14:00:00 cu-cs-vm kernel: [    0.000000] NUMA: Node 0 [mem 0x00000000-0x0009ffff] + [mem 0x00100000-0xbfffffff] -> [mem 0x00000000-0xbfffffff]
Feb  2 14:00:00 cu-cs-vm kernel: [    0.000000] NUMA: Node 0 [mem 0x00000000-0xbfffffff] + [mem 0x100000000-0x13fffffff] -> [mem 0x00000000-0x13fffffff]
Feb  2 14:00:00 cu-cs-vm kernel: [    0.000000] NODE_DATA(0) allocated [mem 0x13ffd3000-0x13fffdfff]
Feb  2 14:00:00 cu-cs-vm kernel: [    0.000000] Reserving 256MB of memory at 576MB for crashkernel (System RAM: 4095MB)
Feb  2 14:00:00 cu-cs-vm kernel: [    0.000000] Zone ranges:
Feb  2 14:00:00 cu-cs-vm kernel: [    0.000000]   DMA      [mem 0x0000000000001000-0x0000000000ffffff]
Feb  2 14:00:00 cu-cs-vm kernel: [    0.000000]   DMA32    [mem 0x0000000001000000-0x00000000ffffffff]
Feb  2 14:00:00 cu-cs-vm kernel: [    0.000000]   Normal   [mem 0x0000000100000000-0x000000013fffffff]
Feb  2 14:00:00 cu-cs-vm kernel: [    0.000000]   Device   empty
Feb  2 14:00:00 cu-cs-vm kernel: [    0.000000] Movable zone start for each node
Feb  2 14:00:00 cu-cs-vm kernel: [    0.000000] Early memory node ranges
Feb  2 14:00:00 cu-cs-vm kernel: [    0.000000]   node   0: [mem 0x0000000000001000-0x000000000009dfff]
Feb  2 14:00:00 cu-cs-vm kernel: [    0.000000]   node   0: [mem 0x0000000000100000-0x00000000bfecffff]
Feb  2 14:00:00 cu-cs-vm kernel: [    0.000000]   node   0: [mem 0x00000000bff00000-0x00000000bfffffff]
Feb  2 14:00:00 cu-cs-vm kernel: [    0.000000]   node   0: [mem 0x0000000100000000-0x000000013fffffff]
Feb  2 14:00:00 cu-cs-vm kernel: [    0.000000] Initmem setup node 0 [mem 0x0000000000001000-0x000000013fffffff]
Feb  2 14:00:00 cu-cs-vm kernel: [    0.000000] On node 0 totalpages: 1048429
Feb  2 14:00:00 cu-cs-vm kernel: [    0.000000]   DMA zone: 64 pages used for memmap
Feb  2 14:00:00 cu-cs-vm kernel: [    0.000000]   DMA zone: 21 pages reserved
Feb  2 14:00:00 cu-cs-vm kernel: [    0.000000]   DMA zone: 3997 pages, LIFO batch:0
Feb  2 14:00:00 cu-cs-vm kernel: [    0.000000]   DMA32 zone: 12224 pages used for memmap
Feb  2 14:00:00 cu-cs-vm kernel: [    0.000000]   DMA32 zone: 782288 pages, LIFO batch:31
Feb  2 14:00:00 cu-cs-vm kernel: [    0.000000]   Normal zone: 4096 pages used for memmap
Feb  2 14:00:00 cu-cs-vm kernel: [    0.000000]   Normal zone: 262144 pages, LIFO batch:31
Feb  2 14:00:00 cu-cs-vm kernel: [    0.000000] ACPI: PM-Timer IO Port: 0x1008
Feb  2 14:00:00 cu-cs-vm kernel: [    0.000000] ACPI: Local APIC address 0xfee00000
Feb  2 14:00:00 cu-cs-vm kernel: [    0.000000] system APIC only can use physical flat
Feb  2 14:00:00 cu-cs-vm kernel: [    0.000000] ACPI: LAPIC_NMI (acpi_id[0x00] high edge lint[0x1])
Feb  2 14:00:00 cu-cs-vm kernel: [    0.000000] ACPI: LAPIC_NMI (acpi_id[0x01] high edge lint[0x1])
Feb  2 14:00:00 cu-cs-vm kernel: [    0.000000] ACPI: LAPIC_NMI (acpi_id[0x02] high edge lint[0x1])
Feb  2 14:00:00 cu-cs-vm kernel: [    0.000000] ACPI: LAPIC_NMI (acpi_id[0x03] high edge lint[0x1])
Feb  2 14:00:00 cu-cs-vm kernel: [    0.000000] ACPI: LAPIC_NMI (acpi_id[0x04] high edge lint[0x1])
Feb  2 14:00:00 cu-cs-vm kernel: [    0.000000] ACPI: LAPIC_NMI (acpi_id[0x05] high edge lint[0x1])
Feb  2 14:00:00 cu-cs-vm kernel: [    0.000000] ACPI: LAPIC_NMI (acpi_id[0x06] high edge lint[0x1])
Feb  2 14:00:00 cu-cs-vm kernel: [    0.000000] ACPI: LAPIC_NMI (acpi_id[0x07] high edge lint[0x1])
Feb  2 14:00:00 cu-cs-vm kernel: [    0.000000] ACPI: LAPIC_NMI (acpi_id[0x08] high edge lint[0x1])
Feb  2 14:00:00 cu-cs-vm kernel: [    0.000000] ACPI: LAPIC_NMI (acpi_id[0x09] high edge lint[0x1])
Feb  2 14:00:00 cu-cs-vm kernel: [    0.000000] ACPI: LAPIC_NMI (acpi_id[0x0a] high edge lint[0x1])
Feb  2 14:00:00 cu-cs-vm kernel: [    0.000000] ACPI: LAPIC_NMI (acpi_id[0x0b] high edge lint[0x1])
Feb  2 14:00:00 cu-cs-vm systemd[1]: Started Raise network interfaces.
Feb  2 14:00:00 cu-cs-vm systemd[1]: Started Login Service.
Feb  2 14:00:00 cu-cs-vm systemd[1]: Started LSB: Set the CPU Frequency Scaling governor to "ondemand".
Feb  2 14:00:00 cu-cs-vm apport[801]:    ...done.
Feb  2 14:00:00 cu-cs-vm systemd[1]: Started LSB: automatic crash report generation.
Feb  2 14:00:00 cu-cs-vm irqbalance[750]:    ...done.
Feb  2 14:00:00 cu-cs-vm systemd[1]: Started LSB: daemon to balance interrupts for SMP systems.
Feb  2 14:00:00 cu-cs-vm sensors[807]: No sensors found!
Feb  2 14:00:00 cu-cs-vm sensors[807]: Make sure you loaded all the kernel drivers you need.
Feb  2 14:00:00 cu-cs-vm sensors[807]: Try sensors-detect to find out which these are.
Feb  2 14:00:00 cu-cs-vm sensors[915]: No sensors found!
Feb  2 14:00:00 cu-cs-vm sensors[915]: Make sure you loaded all the kernel drivers you need.
Feb  2 14:00:00 cu-cs-vm sensors[915]: Try sensors-detect to find out which these are.
Feb  2 14:00:00 cu-cs-vm systemd[1]: Started Initialize hardware monitoring sensors.
Feb  2 14:00:00 cu-cs-vm thermald[794]: NO RAPL sysfs present
Feb  2 14:00:00 cu-cs-vm thermald[794]: 22 CPUID levels; family:model:stepping 0x6:4e:3 (6:78:3)
Feb  2 14:00:00 cu-cs-vm thermald[794]: Polling mode is enabled: 4
Feb  2 14:00:00 cu-cs-vm thermald[794]: Thermal DTS: No coretemp sysfs found
Feb  2 14:00:00 cu-cs-vm systemd[1]: Started Thermal Daemon Service.
Feb  2 14:00:00 cu-cs-vm thermald[794]: Thermal DTS or hwmon: No Zones present Need to configure manually
Feb  2 14:00:00 cu-cs-vm thermald[794]: No thermal sensors found
Feb  2 14:00:00 cu-cs-vm thermald[794]: THD engine start failed
Feb  2 14:00:00 cu-cs-vm polkitd[893]: started daemon version 0.105 using authority implementation `local' version `0.105'
Feb  2 14:00:00 cu-cs-vm dbus[752]: [system] Successfully activated service 'org.freedesktop.PolicyKit1'
Feb  2 14:00:00 cu-cs-vm systemd[1]: Started LSB: Record successful boot for GRUB.
Feb  2 14:00:00 cu-cs-vm accounts-daemon[792]: started daemon version 0.6.40
Feb  2 14:00:00 cu-cs-vm systemd[1]: Started System Logging Service.
Feb  2 14:00:00 cu-cs-vm systemd[1]: Started Authenticate and Authorize Users to Run Privileged Tasks.
Feb  2 14:00:00 cu-cs-vm kernel: [    0.000000] ACPI: LAPIC_NMI (acpi_id[0x0c] high edge lint[0x1])
Feb  2 14:00:00 cu-cs-vm kernel: [    0.000000] ACPI: LAPIC_NMI (acpi_id[0x0d] high edge lint[0x1])
Feb  2 14:00:00 cu-cs-vm kernel: [    0.000000] ACPI: LAPIC_NMI (acpi_id[0x0e] high edge lint[0x1])
Feb  2 14:00:00 cu-cs-vm kernel: [    0.000000] ACPI: LAPIC_NMI (acpi_id[0x0f] high edge lint[0x1])
Feb  2 14:00:00 cu-cs-vm kernel: [    0.000000] ACPI: LAPIC_NMI (acpi_id[0x10] high edge lint[0x1])
Feb  2 14:00:00 cu-cs-vm kernel: [    0.000000] ACPI: LAPIC_NMI (acpi_id[0x11] high edge lint[0x1])
Feb  2 14:00:00 cu-cs-vm kernel: [    0.000000] ACPI: LAPIC_NMI (acpi_id[0x12] high edge lint[0x1])
Feb  2 14:00:00 cu-cs-vm kernel: [    0.000000] ACPI: LAPIC_NMI (acpi_id[0x13] high edge lint[0x1])
Feb  2 14:00:00 cu-cs-vm kernel: [    0.000000] ACPI: LAPIC_NMI (acpi_id[0x14] high edge lint[0x1])
Feb  2 14:00:00 cu-cs-vm kernel: [    0.000000] ACPI: LAPIC_NMI (acpi_id[0x15] high edge lint[0x1])
Feb  2 14:00:00 cu-cs-vm kernel: [    0.000000] ACPI: LAPIC_NMI (acpi_id[0x16] high edge lint[0x1])
Feb  2 14:00:00 cu-cs-vm kernel: [    0.000000] ACPI: LAPIC_NMI (acpi_id[0x17] high edge lint[0x1])
Feb  2 14:00:00 cu-cs-vm kernel: [    0.000000] ACPI: LAPIC_NMI (acpi_id[0x18] high edge lint[0x1])
Feb  2 14:00:00 cu-cs-vm kernel: [    0.000000] ACPI: LAPIC_NMI (acpi_id[0x19] high edge lint[0x1])
Feb  2 14:00:00 cu-cs-vm kernel: [    0.000000] ACPI: LAPIC_NMI (acpi_id[0x1a] high edge lint[0x1])
Feb  2 14:00:00 cu-cs-vm kernel: [    0.000000] ACPI: LAPIC_NMI (acpi_id[0x1b] high edge lint[0x1])
Feb  2 14:00:00 cu-cs-vm kernel: [    0.000000] ACPI: LAPIC_NMI (acpi_id[0x1c] high edge lint[0x1])
Feb  2 14:00:00 cu-cs-vm kernel: [    0.000000] ACPI: LAPIC_NMI (acpi_id[0x1d] high edge lint[0x1])
Feb  2 14:00:00 cu-cs-vm kernel: [    0.000000] ACPI: LAPIC_NMI (acpi_id[0x1e] high edge lint[0x1])
Feb  2 14:00:00 cu-cs-vm kernel: [    0.000000] ACPI: LAPIC_NMI (acpi_id[0x1f] high edge lint[0x1])
Feb  2 14:00:00 cu-cs-vm kernel: [    0.000000] ACPI: LAPIC_NMI (acpi_id[0x20] high edge lint[0x1])
Feb  2 14:00:00 cu-cs-vm kernel: [    0.000000] ACPI: LAPIC_NMI (acpi_id[0x21] high edge lint[0x1])
Feb  2 14:00:00 cu-cs-vm kernel: [    0.000000] ACPI: LAPIC_NMI (acpi_id[0x22] high edge lint[0x1])
Feb  2 14:00:00 cu-cs-vm kernel: [    0.000000] ACPI: LAPIC_NMI (acpi_id[0x23] high edge lint[0x1])
Feb  2 14:00:00 cu-cs-vm kernel: [    0.000000] ACPI: LAPIC_NMI (acpi_id[0x24] high edge lint[0x1])
Feb  2 14:00:00 cu-cs-vm kernel: [    0.000000] ACPI: LAPIC_NMI (acpi_id[0x25] high edge lint[0x1])
Feb  2 14:00:00 cu-cs-vm kernel: [    0.000000] ACPI: LAPIC_NMI (acpi_id[0x26] high edge lint[0x1])
Feb  2 14:00:00 cu-cs-vm kernel: [    0.000000] ACPI: LAPIC_NMI (acpi_id[0x27] high edge lint[0x1])
Feb  2 14:00:00 cu-cs-vm kernel: [    0.000000] ACPI: LAPIC_NMI (acpi_id[0x28] high edge lint[0x1])
Feb  2 14:00:00 cu-cs-vm kernel: [    0.000000] ACPI: LAPIC_NMI (acpi_id[0x29] high edge lint[0x1])
Feb  2 14:00:00 cu-cs-vm kernel: [    0.000000] ACPI: LAPIC_NMI (acpi_id[0x2a] high edge lint[0x1])
Feb  2 14:00:00 cu-cs-vm kernel: [    0.000000] ACPI: LAPIC_NMI (acpi_id[0x2b] high edge lint[0x1])
Feb  2 14:00:00 cu-cs-vm kernel: [    0.000000] ACPI: LAPIC_NMI (acpi_id[0x2c] high edge lint[0x1])
Feb  2 14:00:00 cu-cs-vm kernel: [    0.000000] ACPI: LAPIC_NMI (acpi_id[0x2d] high edge lint[0x1])
Feb  2 14:00:00 cu-cs-vm kernel: [    0.000000] ACPI: LAPIC_NMI (acpi_id[0x2e] high edge lint[0x1])
Feb  2 14:00:00 cu-cs-vm kernel: [    0.000000] ACPI: LAPIC_NMI (acpi_id[0x2f] high edge lint[0x1])
Feb  2 14:00:00 cu-cs-vm kernel: [    0.000000] ACPI: LAPIC_NMI (acpi_id[0x30] high edge lint[0x1])
Feb  2 14:00:00 cu-cs-vm kernel: [    0.000000] ACPI: LAPIC_NMI (acpi_id[0x31] high edge lint[0x1])
Feb  2 14:00:00 cu-cs-vm kernel: [    0.000000] ACPI: LAPIC_NMI (acpi_id[0x32] high edge lint[0x1])
Feb  2 14:00:00 cu-cs-vm kernel: [    0.000000] ACPI: LAPIC_NMI (acpi_id[0x33] high edge lint[0x1])
Feb  2 14:00:00 cu-cs-vm kernel: [    0.000000] ACPI: LAPIC_NMI (acpi_id[0x34] high edge lint[0x1])
Feb  2 14:00:00 cu-cs-vm kernel: [    0.000000] ACPI: LAPIC_NMI (acpi_id[0x35] high edge lint[0x1])
Feb  2 14:00:00 cu-cs-vm kernel: [    0.000000] ACPI: LAPIC_NMI (acpi_id[0x36] high edge lint[0x1])
Feb  2 14:00:00 cu-cs-vm kernel: [    0.000000] ACPI: LAPIC_NMI (acpi_id[0x37] high edge lint[0x1])
Feb  2 14:00:00 cu-cs-vm kernel: [    0.000000] ACPI: LAPIC_NMI (acpi_id[0x38] high edge lint[0x1])
Feb  2 14:00:00 cu-cs-vm kernel: [    0.000000] ACPI: LAPIC_NMI (acpi_id[0x39] high edge lint[0x1])
Feb  2 14:00:00 cu-cs-vm kernel: [    0.000000] ACPI: LAPIC_NMI (acpi_id[0x3a] high edge lint[0x1])
Feb  2 14:00:00 cu-cs-vm kernel: [    0.000000] ACPI: LAPIC_NMI (acpi_id[0x3b] high edge lint[0x1])
Feb  2 14:00:00 cu-cs-vm kernel: [    0.000000] ACPI: LAPIC_NMI (acpi_id[0x3c] high edge lint[0x1])
Feb  2 14:00:00 cu-cs-vm kernel: [    0.000000] ACPI: LAPIC_NMI (acpi_id[0x3d] high edge lint[0x1])
Feb  2 14:00:00 cu-cs-vm kernel: [    0.000000] ACPI: LAPIC_NMI (acpi_id[0x3e] high edge lint[0x1])
Feb  2 14:00:00 cu-cs-vm kernel: [    0.000000] ACPI: LAPIC_NMI (acpi_id[0x3f] high edge lint[0x1])
Feb  2 14:00:00 cu-cs-vm kernel: [    0.000000] ACPI: LAPIC_NMI (acpi_id[0x40] high edge lint[0x1])
Feb  2 14:00:00 cu-cs-vm kernel: [    0.000000] ACPI: LAPIC_NMI (acpi_id[0x41] high edge lint[0x1])
Feb  2 14:00:00 cu-cs-vm kernel: [    0.000000] ACPI: LAPIC_NMI (acpi_id[0x42] high edge lint[0x1])
Feb  2 14:00:00 cu-cs-vm kernel: [    0.000000] ACPI: LAPIC_NMI (acpi_id[0x43] high edge lint[0x1])
Feb  2 14:00:00 cu-cs-vm kernel: [    0.000000] ACPI: LAPIC_NMI (acpi_id[0x44] high edge lint[0x1])
Feb  2 14:00:00 cu-cs-vm kernel: [    0.000000] ACPI: LAPIC_NMI (acpi_id[0x45] high edge lint[0x1])
Feb  2 14:00:00 cu-cs-vm kernel: [    0.000000] ACPI: LAPIC_NMI (acpi_id[0x46] high edge lint[0x1])
Feb  2 14:00:00 cu-cs-vm kernel: [    0.000000] ACPI: LAPIC_NMI (acpi_id[0x47] high edge lint[0x1])
Feb  2 14:00:00 cu-cs-vm kernel: [    0.000000] ACPI: LAPIC_NMI (acpi_id[0x48] high edge lint[0x1])
Feb  2 14:00:00 cu-cs-vm kernel: [    0.000000] ACPI: LAPIC_NMI (acpi_id[0x49] high edge lint[0x1])
Feb  2 14:00:00 cu-cs-vm kernel: [    0.000000] ACPI: LAPIC_NMI (acpi_id[0x4a] high edge lint[0x1])
Feb  2 14:00:00 cu-cs-vm kernel: [    0.000000] ACPI: LAPIC_NMI (acpi_id[0x4b] high edge lint[0x1])
Feb  2 14:00:00 cu-cs-vm kernel: [    0.000000] ACPI: LAPIC_NMI (acpi_id[0x4c] high edge lint[0x1])
Feb  2 14:00:00 cu-cs-vm kernel: [    0.000000] ACPI: LAPIC_NMI (acpi_id[0x4d] high edge lint[0x1])
Feb  2 14:00:00 cu-cs-vm kernel: [    0.000000] ACPI: LAPIC_NMI (acpi_id[0x4e] high edge lint[0x1])
Feb  2 14:00:00 cu-cs-vm kernel: [    0.000000] ACPI: LAPIC_NMI (acpi_id[0x4f] high edge lint[0x1])
Feb  2 14:00:00 cu-cs-vm kernel: [    0.000000] ACPI: LAPIC_NMI (acpi_id[0x50] high edge lint[0x1])
Feb  2 14:00:00 cu-cs-vm kernel: [    0.000000] ACPI: LAPIC_NMI (acpi_id[0x51] high edge lint[0x1])
Feb  2 14:00:00 cu-cs-vm systemd[1]: Started Accounts Service.
Feb  2 14:00:00 cu-cs-vm kernel: [    0.000000] ACPI: LAPIC_NMI (acpi_id[0x52] high edge lint[0x1])
Feb  2 14:00:00 cu-cs-vm kernel: [    0.000000] ACPI: LAPIC_NMI (acpi_id[0x53] high edge lint[0x1])
Feb  2 14:00:00 cu-cs-vm kernel: [    0.000000] ACPI: LAPIC_NMI (acpi_id[0x54] high edge lint[0x1])
Feb  2 14:00:00 cu-cs-vm kernel: [    0.000000] ACPI: LAPIC_NMI (acpi_id[0x55] high edge lint[0x1])
Feb  2 14:00:00 cu-cs-vm kernel: [    0.000000] ACPI: LAPIC_NMI (acpi_id[0x56] high edge lint[0x1])
Feb  2 14:00:00 cu-cs-vm kernel: [    0.000000] ACPI: LAPIC_NMI (acpi_id[0x57] high edge lint[0x1])
Feb  2 14:00:00 cu-cs-vm kernel: [    0.000000] ACPI: LAPIC_NMI (acpi_id[0x58] high edge lint[0x1])
Feb  2 14:00:00 cu-cs-vm kernel: [    0.000000] ACPI: LAPIC_NMI (acpi_id[0x59] high edge lint[0x1])
Feb  2 14:00:00 cu-cs-vm kernel: [    0.000000] ACPI: LAPIC_NMI (acpi_id[0x5a] high edge lint[0x1])
Feb  2 14:00:00 cu-cs-vm kernel: [    0.000000] ACPI: LAPIC_NMI (acpi_id[0x5b] high edge lint[0x1])
Feb  2 14:00:00 cu-cs-vm kernel: [    0.000000] ACPI: LAPIC_NMI (acpi_id[0x5c] high edge lint[0x1])
Feb  2 14:00:00 cu-cs-vm kernel: [    0.000000] ACPI: LAPIC_NMI (acpi_id[0x5d] high edge lint[0x1])
Feb  2 14:00:00 cu-cs-vm kernel: [    0.000000] ACPI: LAPIC_NMI (acpi_id[0x5e] high edge lint[0x1])
Feb  2 14:00:00 cu-cs-vm kernel: [    0.000000] ACPI: LAPIC_NMI (acpi_id[0x5f] high edge lint[0x1])
Feb  2 14:00:00 cu-cs-vm kernel: [    0.000000] ACPI: LAPIC_NMI (acpi_id[0x60] high edge lint[0x1])
Feb  2 14:00:00 cu-cs-vm kernel: [    0.000000] ACPI: LAPIC_NMI (acpi_id[0x61] high edge lint[0x1])
Feb  2 14:00:00 cu-cs-vm kernel: [    0.000000] ACPI: LAPIC_NMI (acpi_id[0x62] high edge lint[0x1])
Feb  2 14:00:00 cu-cs-vm kernel: [    0.000000] ACPI: LAPIC_NMI (acpi_id[0x63] high edge lint[0x1])
Feb  2 14:00:00 cu-cs-vm kernel: [    0.000000] ACPI: LAPIC_NMI (acpi_id[0x64] high edge lint[0x1])
Feb  2 14:00:00 cu-cs-vm kernel: [    0.000000] ACPI: LAPIC_NMI (acpi_id[0x65] high edge lint[0x1])
Feb  2 14:00:00 cu-cs-vm kernel: [    0.000000] ACPI: LAPIC_NMI (acpi_id[0x66] high edge lint[0x1])
Feb  2 14:00:00 cu-cs-vm kernel: [    0.000000] ACPI: LAPIC_NMI (acpi_id[0x67] high edge lint[0x1])
Feb  2 14:00:00 cu-cs-vm kernel: [    0.000000] ACPI: LAPIC_NMI (acpi_id[0x68] high edge lint[0x1])
Feb  2 14:00:00 cu-cs-vm kernel: [    0.000000] ACPI: LAPIC_NMI (acpi_id[0x69] high edge lint[0x1])
Feb  2 14:00:00 cu-cs-vm kernel: [    0.000000] ACPI: LAPIC_NMI (acpi_id[0x6a] high edge lint[0x1])
Feb  2 14:00:00 cu-cs-vm kernel: [    0.000000] ACPI: LAPIC_NMI (acpi_id[0x6b] high edge lint[0x1])
Feb  2 14:00:00 cu-cs-vm kernel: [    0.000000] ACPI: LAPIC_NMI (acpi_id[0x6c] high edge lint[0x1])
Feb  2 14:00:00 cu-cs-vm kernel: [    0.000000] ACPI: LAPIC_NMI (acpi_id[0x6d] high edge lint[0x1])
Feb  2 14:00:00 cu-cs-vm kernel: [    0.000000] ACPI: LAPIC_NMI (acpi_id[0x6e] high edge lint[0x1])
Feb  2 14:00:00 cu-cs-vm kernel: [    0.000000] ACPI: LAPIC_NMI (acpi_id[0x6f] high edge lint[0x1])
Feb  2 14:00:00 cu-cs-vm kernel: [    0.000000] ACPI: LAPIC_NMI (acpi_id[0x70] high edge lint[0x1])
Feb  2 14:00:00 cu-cs-vm kernel: [    0.000000] ACPI: LAPIC_NMI (acpi_id[0x71] high edge lint[0x1])
Feb  2 14:00:00 cu-cs-vm kernel: [    0.000000] ACPI: LAPIC_NMI (acpi_id[0x72] high edge lint[0x1])
Feb  2 14:00:00 cu-cs-vm kernel: [    0.000000] ACPI: LAPIC_NMI (acpi_id[0x73] high edge lint[0x1])
Feb  2 14:00:00 cu-cs-vm kernel: [    0.000000] ACPI: LAPIC_NMI (acpi_id[0x74] high edge lint[0x1])
Feb  2 14:00:00 cu-cs-vm kernel: [    0.000000] ACPI: LAPIC_NMI (acpi_id[0x75] high edge lint[0x1])
Feb  2 14:00:00 cu-cs-vm kernel: [    0.000000] ACPI: LAPIC_NMI (acpi_id[0x76] high edge lint[0x1])
Feb  2 14:00:00 cu-cs-vm kernel: [    0.000000] ACPI: LAPIC_NMI (acpi_id[0x77] high edge lint[0x1])
Feb  2 14:00:00 cu-cs-vm kernel: [    0.000000] ACPI: LAPIC_NMI (acpi_id[0x78] high edge lint[0x1])
Feb  2 14:00:00 cu-cs-vm kernel: [    0.000000] ACPI: LAPIC_NMI (acpi_id[0x79] high edge lint[0x1])
Feb  2 14:00:00 cu-cs-vm kernel: [    0.000000] ACPI: LAPIC_NMI (acpi_id[0x7a] high edge lint[0x1])
Feb  2 14:00:00 cu-cs-vm kernel: [    0.000000] ACPI: LAPIC_NMI (acpi_id[0x7b] high edge lint[0x1])
Feb  2 14:00:00 cu-cs-vm kernel: [    0.000000] ACPI: LAPIC_NMI (acpi_id[0x7c] high edge lint[0x1])
Feb  2 14:00:00 cu-cs-vm kernel: [    0.000000] ACPI: LAPIC_NMI (acpi_id[0x7d] high edge lint[0x1])
Feb  2 14:00:00 cu-cs-vm kernel: [    0.000000] ACPI: LAPIC_NMI (acpi_id[0x7e] high edge lint[0x1])
Feb  2 14:00:00 cu-cs-vm kernel: [    0.000000] ACPI: LAPIC_NMI (acpi_id[0x7f] high edge lint[0x1])
Feb  2 14:00:00 cu-cs-vm kernel: [    0.000000] IOAPIC[0]: apic_id 1, version 17, address 0xfec00000, GSI 0-23
Feb  2 14:00:00 cu-cs-vm kernel: [    0.000000] ACPI: INT_SRC_OVR (bus 0 bus_irq 0 global_irq 2 high edge)
Feb  2 14:00:00 cu-cs-vm kernel: [    0.000000] ACPI: IRQ0 used by override.
Feb  2 14:00:00 cu-cs-vm kernel: [    0.000000] ACPI: IRQ9 used by override.
Feb  2 14:00:00 cu-cs-vm kernel: [    0.000000] Using ACPI (MADT) for SMP configuration information
Feb  2 14:00:00 cu-cs-vm kernel: [    0.000000] smpboot: Allowing 128 CPUs, 126 hotplug CPUs
Feb  2 14:00:00 cu-cs-vm kernel: [    0.000000] PM: Registered nosave memory: [mem 0x00000000-0x00000fff]
Feb  2 14:00:00 cu-cs-vm kernel: [    0.000000] PM: Registered nosave memory: [mem 0x0009e000-0x0009efff]
Feb  2 14:00:00 cu-cs-vm kernel: [    0.000000] PM: Registered nosave memory: [mem 0x0009f000-0x0009ffff]
Feb  2 14:00:00 cu-cs-vm kernel: [    0.000000] PM: Registered nosave memory: [mem 0x000a0000-0x000dbfff]
Feb  2 14:00:00 cu-cs-vm kernel: [    0.000000] PM: Registered nosave memory: [mem 0x000dc000-0x000fffff]
Feb  2 14:00:00 cu-cs-vm kernel: [    0.000000] PM: Registered nosave memory: [mem 0xbfed0000-0xbfefefff]
Feb  2 14:00:00 cu-cs-vm kernel: [    0.000000] PM: Registered nosave memory: [mem 0xbfeff000-0xbfefffff]
Feb  2 14:00:00 cu-cs-vm kernel: [    0.000000] PM: Registered nosave memory: [mem 0xc0000000-0xefffffff]
Feb  2 14:00:00 cu-cs-vm kernel: [    0.000000] PM: Registered nosave memory: [mem 0xf0000000-0xf7ffffff]
Feb  2 14:00:00 cu-cs-vm kernel: [    0.000000] PM: Registered nosave memory: [mem 0xf8000000-0xfebfffff]
Feb  2 14:00:00 cu-cs-vm kernel: [    0.000000] PM: Registered nosave memory: [mem 0xfec00000-0xfec0ffff]
Feb  2 14:00:00 cu-cs-vm kernel: [    0.000000] PM: Registered nosave memory: [mem 0xfec10000-0xfedfffff]
Feb  2 14:00:00 cu-cs-vm kernel: [    0.000000] PM: Registered nosave memory: [mem 0xfee00000-0xfee00fff]
Feb  2 14:00:00 cu-cs-vm kernel: [    0.000000] PM: Registered nosave memory: [mem 0xfee01000-0xfffdffff]
Feb  2 14:00:00 cu-cs-vm kernel: [    0.000000] PM: Registered nosave memory: [mem 0xfffe0000-0xffffffff]
Feb  2 14:00:00 cu-cs-vm kernel: [    0.000000] e820: [mem 0xc0000000-0xefffffff] available for PCI devices
Feb  2 14:00:00 cu-cs-vm kernel: [    0.000000] Booting paravirtualized kernel on VMware hypervisor
Feb  2 14:00:00 cu-cs-vm kernel: [    0.000000] clocksource: refined-jiffies: mask: 0xffffffff max_cycles: 0xffffffff, max_idle_ns: 7645519600211568 ns
Feb  2 14:00:00 cu-cs-vm kernel: [    0.000000] setup_percpu: NR_CPUS:8192 nr_cpumask_bits:128 nr_cpu_ids:128 nr_node_ids:1
Feb  2 14:00:00 cu-cs-vm kernel: [    0.000000] percpu: Embedded 45 pages/cpu @ffff944239600000 s145752 r8192 d30376 u262144
Feb  2 14:00:00 cu-cs-vm kernel: [    0.000000] pcpu-alloc: s145752 r8192 d30376 u262144 alloc=1*2097152
Feb  2 14:00:00 cu-cs-vm kernel: [    0.000000] pcpu-alloc: [0] 000 001 002 003 004 005 006 007 
Feb  2 14:00:00 cu-cs-vm kernel: [    0.000000] pcpu-alloc: [0] 008 009 010 011 012 013 014 015 
Feb  2 14:00:00 cu-cs-vm kernel: [    0.000000] pcpu-alloc: [0] 016 017 018 019 020 021 022 023 
Feb  2 14:00:00 cu-cs-vm kernel: [    0.000000] pcpu-alloc: [0] 024 025 026 027 028 029 030 031 
Feb  2 14:00:00 cu-cs-vm kernel: [    0.000000] pcpu-alloc: [0] 032 033 034 035 036 037 038 039 
Feb  2 14:00:00 cu-cs-vm kernel: [    0.000000] pcpu-alloc: [0] 040 041 042 043 044 045 046 047 
Feb  2 14:00:00 cu-cs-vm kernel: [    0.000000] pcpu-alloc: [0] 048 049 050 051 052 053 054 055 
Feb  2 14:00:00 cu-cs-vm kernel: [    0.000000] pcpu-alloc: [0] 056 057 058 059 060 061 062 063 
Feb  2 14:00:00 cu-cs-vm kernel: [    0.000000] pcpu-alloc: [0] 064 065 066 067 068 069 070 071 
Feb  2 14:00:00 cu-cs-vm kernel: [    0.000000] pcpu-alloc: [0] 072 073 074 075 076 077 078 079 
Feb  2 14:00:00 cu-cs-vm kernel: [    0.000000] pcpu-alloc: [0] 080 081 082 083 084 085 086 087 
Feb  2 14:00:00 cu-cs-vm kernel: [    0.000000] pcpu-alloc: [0] 088 089 090 091 092 093 094 095 
Feb  2 14:00:00 cu-cs-vm kernel: [    0.000000] pcpu-alloc: [0] 096 097 098 099 100 101 102 103 
Feb  2 14:00:00 cu-cs-vm kernel: [    0.000000] pcpu-alloc: [0] 104 105 106 107 108 109 110 111 
Feb  2 14:00:00 cu-cs-vm kernel: [    0.000000] pcpu-alloc: [0] 112 113 114 115 116 117 118 119 
Feb  2 14:00:00 cu-cs-vm kernel: [    0.000000] pcpu-alloc: [0] 120 121 122 123 124 125 126 127 
Feb  2 14:00:00 cu-cs-vm kernel: [    0.000000] Built 1 zonelists in Node order, mobility grouping on.  Total pages: 1032024
Feb  2 14:00:00 cu-cs-vm kernel: [    0.000000] Policy zone: Normal
Feb  2 14:00:00 cu-cs-vm kernel: [    0.000000] Kernel command line: BOOT_IMAGE=/@/boot/vmlinuz-4.13.13OS_Rev1 root=UUID=bb1213fd-aa15-420b-8d34-682b907abadc ro rootflags=subvol=@ crashkernel=384M-2G:128M,2G-:256M
Feb  2 14:00:00 cu-cs-vm kernel: [    0.000000] log_buf_len individual max cpu contribution: 4096 bytes
Feb  2 14:00:00 cu-cs-vm kernel: [    0.000000] log_buf_len total cpu_extra contributions: 520192 bytes
Feb  2 14:00:00 cu-cs-vm kernel: [    0.000000] log_buf_len min size: 262144 bytes
Feb  2 14:00:00 cu-cs-vm kernel: [    0.000000] log_buf_len: 1048576 bytes
Feb  2 14:00:00 cu-cs-vm kernel: [    0.000000] early log buf free: 235600(89%)
Feb  2 14:00:00 cu-cs-vm kernel: [    0.000000] PID hash table entries: 4096 (order: 3, 32768 bytes)
Feb  2 14:00:00 cu-cs-vm kernel: [    0.000000] Calgary: detecting Calgary via BIOS EBDA area
Feb  2 14:00:00 cu-cs-vm kernel: [    0.000000] Calgary: Unable to locate Rio Grande table in EBDA - bailing!
Feb  2 14:00:00 cu-cs-vm kernel: [    0.000000] Memory: 3720496K/4193716K available (12300K kernel code, 2363K rwdata, 3820K rodata, 2356K init, 2368K bss, 473220K reserved, 0K cma-reserved)
Feb  2 14:00:00 cu-cs-vm kernel: [    0.000000] SLUB: HWalign=64, Order=0-3, MinObjects=0, CPUs=128, Nodes=1
Feb  2 14:00:00 cu-cs-vm kernel: [    0.000000] Kernel/User page tables isolation: enabled
Feb  2 14:00:00 cu-cs-vm kernel: [    0.000000] ftrace: allocating 36972 entries in 145 pages
Feb  2 14:00:00 cu-cs-vm kernel: [    0.004000] Hierarchical RCU implementation.
Feb  2 14:00:00 cu-cs-vm kernel: [    0.004000] 	RCU restricting CPUs from NR_CPUS=8192 to nr_cpu_ids=128.
Feb  2 14:00:00 cu-cs-vm kernel: [    0.004000] RCU: Adjusting geometry for rcu_fanout_leaf=16, nr_cpu_ids=128
Feb  2 14:00:00 cu-cs-vm kernel: [    0.004000] NR_IRQS: 524544, nr_irqs: 1448, preallocated irqs: 16
Feb  2 14:00:00 cu-cs-vm kernel: [    0.004000] Console: colour VGA+ 80x25
Feb  2 14:00:00 cu-cs-vm kernel: [    0.004000] console [tty0] enabled
Feb  2 14:00:00 cu-cs-vm kernel: [    0.004014] tsc: Detected 2399.998 MHz processor
Feb  2 14:00:00 cu-cs-vm kernel: [    0.004151] Calibrating delay loop (skipped) preset value.. 4799.99 BogoMIPS (lpj=9599992)
Feb  2 14:00:00 cu-cs-vm kernel: [    0.004256] pid_max: default: 131072 minimum: 1024
Feb  2 14:00:00 cu-cs-vm kernel: [    0.004425] ACPI: Core revision 20170531
Feb  2 14:00:00 cu-cs-vm kernel: [    0.046316] ACPI: 1 ACPI AML tables successfully acquired and loaded
Feb  2 14:00:00 cu-cs-vm kernel: [    0.046769] Security Framework initialized
Feb  2 14:00:00 cu-cs-vm kernel: [    0.046907] Yama: becoming mindful.
Feb  2 14:00:00 cu-cs-vm kernel: [    0.057640] AppArmor: AppArmor initialized
Feb  2 14:00:00 cu-cs-vm kernel: [    0.092080] Dentry cache hash table entries: 524288 (order: 10, 4194304 bytes)
Feb  2 14:00:00 cu-cs-vm kernel: [    0.109106] Inode-cache hash table entries: 262144 (order: 9, 2097152 bytes)
Feb  2 14:00:00 cu-cs-vm kernel: [    0.109636] Mount-cache hash table entries: 8192 (order: 4, 65536 bytes)
Feb  2 14:00:00 cu-cs-vm kernel: [    0.110299] Mountpoint-cache hash table entries: 8192 (order: 4, 65536 bytes)
Feb  2 14:00:00 cu-cs-vm kernel: [    0.112081] Disabled fast string operations
Feb  2 14:00:00 cu-cs-vm kernel: [    0.112224] CPU: Physical Processor ID: 0
Feb  2 14:00:00 cu-cs-vm kernel: [    0.112368] FEATURE SPEC_CTRL Not Present
Feb  2 14:00:00 cu-cs-vm kernel: [    0.112506] mce: CPU supports 0 MCE banks
Feb  2 14:00:00 cu-cs-vm kernel: [    0.112653] Last level iTLB entries: 4KB 64, 2MB 8, 4MB 8
Feb  2 14:00:00 cu-cs-vm kernel: [    0.112799] Last level dTLB entries: 4KB 64, 2MB 0, 4MB 0, 1GB 4
Feb  2 14:00:00 cu-cs-vm kernel: [    0.113136] Freeing SMP alternatives memory: 32K
Feb  2 14:00:00 cu-cs-vm kernel: [    0.118732] smpboot: Max logical packages: 128
Feb  2 14:00:00 cu-cs-vm kernel: [    0.119413] x2apic enabled
Feb  2 14:00:00 cu-cs-vm kernel: [    0.120010] Switched APIC routing to physical x2apic.
Feb  2 14:00:00 cu-cs-vm kernel: [    0.122904] ..TIMER: vector=0x30 apic1=0 pin1=2 apic2=-1 pin2=-1
Feb  2 14:00:00 cu-cs-vm kernel: [    0.123731] TSC deadline timer enabled
Feb  2 14:00:00 cu-cs-vm kernel: [    0.123744] smpboot: CPU0: Intel(R) Core(TM) i5-6200U CPU @ 2.30GHz (family: 0x6, model: 0x4e, stepping: 0x3)
Feb  2 14:00:00 cu-cs-vm kernel: [    0.124000] Performance Events: Skylake events, core PMU driver.
Feb  2 14:00:00 cu-cs-vm kernel: [    0.124000] core: CPUID marked event: 'cpu cycles' unavailable
Feb  2 14:00:00 cu-cs-vm kernel: [    0.124000] core: CPUID marked event: 'instructions' unavailable
Feb  2 14:00:00 cu-cs-vm kernel: [    0.124007] core: CPUID marked event: 'bus cycles' unavailable
Feb  2 14:00:00 cu-cs-vm kernel: [    0.124737] core: CPUID marked event: 'cache references' unavailable
Feb  2 14:00:00 cu-cs-vm kernel: [    0.125492] core: CPUID marked event: 'cache misses' unavailable
Feb  2 14:00:00 cu-cs-vm kernel: [    0.126215] core: CPUID marked event: 'branch instructions' unavailable
Feb  2 14:00:00 cu-cs-vm kernel: [    0.126970] core: CPUID marked event: 'branch misses' unavailable
Feb  2 14:00:00 cu-cs-vm kernel: [    0.127800] ... version:                1
Feb  2 14:00:00 cu-cs-vm kernel: [    0.128009] ... bit width:              48
Feb  2 14:00:00 cu-cs-vm kernel: [    0.128777] ... generic registers:      4
Feb  2 14:00:00 cu-cs-vm kernel: [    0.129787] ... value mask:             0000ffffffffffff
Feb  2 14:00:00 cu-cs-vm kernel: [    0.130616] ... max period:             000000007fffffff
Feb  2 14:00:00 cu-cs-vm kernel: [    0.131375] ... fixed-purpose events:   0
Feb  2 14:00:00 cu-cs-vm kernel: [    0.132011] ... event mask:             000000000000000f
Feb  2 14:00:00 cu-cs-vm kernel: [    0.132879] Hierarchical SRCU implementation.
Feb  2 14:00:00 cu-cs-vm kernel: [    0.140016] NMI watchdog: disabled (cpu0): hardware events not enabled
Feb  2 14:00:00 cu-cs-vm kernel: [    0.140813] NMI watchdog: Shutting down hard lockup detector on all cpus
Feb  2 14:00:00 cu-cs-vm kernel: [    0.159958] smp: Bringing up secondary CPUs ...
Feb  2 14:00:00 cu-cs-vm kernel: [    0.161317] x86: Booting SMP configuration:
Feb  2 14:00:00 cu-cs-vm kernel: [    0.162111] .... node  #0, CPUs:          #1
Feb  2 14:00:00 cu-cs-vm kernel: [    0.004000] Disabled fast string operations
Feb  2 14:00:00 cu-cs-vm kernel: [    0.004000] mce: CPU supports 0 MCE banks
Feb  2 14:00:00 cu-cs-vm kernel: [    0.004000] smpboot: CPU 1 Converting physical 2 to logical package 1
Feb  2 14:00:00 cu-cs-vm kernel: [    0.164087] smp: Brought up 1 node, 2 CPUs
Feb  2 14:00:00 cu-cs-vm kernel: [    0.164658] smpboot: Total of 2 processors activated (9599.99 BogoMIPS)
Feb  2 14:00:00 cu-cs-vm kernel: [    0.169706] devtmpfs: initialized
Feb  2 14:00:00 cu-cs-vm kernel: [    0.169706] x86/mm: Memory block size: 128MB
Feb  2 14:00:00 cu-cs-vm kernel: [    0.170062] evm: security.selinux
Feb  2 14:00:00 cu-cs-vm kernel: [    0.170189] evm: security.SMACK64
Feb  2 14:00:00 cu-cs-vm kernel: [    0.170305] evm: security.SMACK64EXEC
Feb  2 14:00:00 cu-cs-vm kernel: [    0.170425] evm: security.SMACK64TRANSMUTE
Feb  2 14:00:00 cu-cs-vm kernel: [    0.170547] evm: security.SMACK64MMAP
Feb  2 14:00:00 cu-cs-vm kernel: [    0.170665] evm: security.ima
Feb  2 14:00:00 cu-cs-vm kernel: [    0.170777] evm: security.capability
Feb  2 14:00:00 cu-cs-vm kernel: [    0.172161] PM: Registering ACPI NVS region [mem 0xbfeff000-0xbfefffff] (4096 bytes)
Feb  2 14:00:00 cu-cs-vm kernel: [    0.172564] clocksource: jiffies: mask: 0xffffffff max_cycles: 0xffffffff, max_idle_ns: 7645041785100000 ns
Feb  2 14:00:00 cu-cs-vm kernel: [    0.173097] futex hash table entries: 32768 (order: 9, 2097152 bytes)
Feb  2 14:00:00 cu-cs-vm kernel: [    0.188715] pinctrl core: initialized pinctrl subsystem
Feb  2 14:00:00 cu-cs-vm kernel: [    0.189319] RTC time: 20:59:52, date: 02/02/18
Feb  2 14:00:00 cu-cs-vm kernel: [    0.190177] NET: Registered protocol family 16
Feb  2 14:00:00 cu-cs-vm kernel: [    0.190962] cpuidle: using governor ladder
Feb  2 14:00:00 cu-cs-vm kernel: [    0.190962] cpuidle: using governor menu
Feb  2 14:00:00 cu-cs-vm kernel: [    0.190962] PCCT header not found.
Feb  2 14:00:00 cu-cs-vm kernel: [    0.190962] Simple Boot Flag at 0x36 set to 0x80
Feb  2 14:00:00 cu-cs-vm kernel: [    0.190962] ACPI: bus type PCI registered
Feb  2 14:00:00 cu-cs-vm kernel: [    0.190962] acpiphp: ACPI Hot Plug PCI Controller Driver version: 0.5
Feb  2 14:00:00 cu-cs-vm kernel: [    0.192258] PCI: MMCONFIG for domain 0000 [bus 00-7f] at [mem 0xf0000000-0xf7ffffff] (base 0xf0000000)
Feb  2 14:00:00 cu-cs-vm kernel: [    0.192569] PCI: MMCONFIG at [mem 0xf0000000-0xf7ffffff] reserved in E820
Feb  2 14:00:00 cu-cs-vm kernel: [    0.192738] PCI: Using configuration type 1 for base access
Feb  2 14:00:00 cu-cs-vm kernel: [    0.196636] HugeTLB registered 1.00 GiB page size, pre-allocated 0 pages
Feb  2 14:00:00 cu-cs-vm kernel: [    0.196636] HugeTLB registered 2.00 MiB page size, pre-allocated 0 pages
Feb  2 14:00:00 cu-cs-vm kernel: [    0.200580] ACPI: Added _OSI(Module Device)
Feb  2 14:00:00 cu-cs-vm kernel: [    0.200580] ACPI: Added _OSI(Processor Device)
Feb  2 14:00:00 cu-cs-vm kernel: [    0.200713] ACPI: Added _OSI(3.0 _SCP Extensions)
Feb  2 14:00:00 cu-cs-vm kernel: [    0.200852] ACPI: Added _OSI(Processor Aggregator Device)
Feb  2 14:00:00 cu-cs-vm kernel: [    0.209235] ACPI: [Firmware Bug]: BIOS _OSI(Linux) query ignored
Feb  2 14:00:00 cu-cs-vm kernel: [    0.244000] ACPI: Interpreter enabled
Feb  2 14:00:00 cu-cs-vm kernel: [    0.244000] ACPI: (supports S0 S1 S4 S5)
Feb  2 14:00:00 cu-cs-vm kernel: [    0.244008] ACPI: Using IOAPIC for interrupt routing
Feb  2 14:00:00 cu-cs-vm kernel: [    0.244189] PCI: Using host bridge windows from ACPI; if necessary, use "pci=nocrs" and report a bug
Feb  2 14:00:00 cu-cs-vm kernel: [    0.246944] ACPI: Enabled 4 GPEs in block 00 to 0F
Feb  2 14:00:00 cu-cs-vm kernel: [    0.640928] ACPI: PCI Root Bridge [PCI0] (domain 0000 [bus 00-7f])
Feb  2 14:00:00 cu-cs-vm kernel: [    0.641102] acpi PNP0A03:00: _OSC: OS supports [ExtendedConfig ASPM ClockPM Segments MSI]
Feb  2 14:00:00 cu-cs-vm kernel: [    0.641639] acpi PNP0A03:00: _OSC: platform does not support [AER]
Feb  2 14:00:00 cu-cs-vm kernel: [    0.642089] acpi PNP0A03:00: _OSC: OS now controls [PCIeHotplug PME PCIeCapability]
Feb  2 14:00:00 cu-cs-vm kernel: [    0.645950] PCI host bridge to bus 0000:00
Feb  2 14:00:00 cu-cs-vm kernel: [    0.646096] pci_bus 0000:00: root bus resource [mem 0x000a0000-0x000bffff window]
Feb  2 14:00:00 cu-cs-vm kernel: [    0.646341] pci_bus 0000:00: root bus resource [mem 0x000cc000-0x000cffff window]
Feb  2 14:00:00 cu-cs-vm kernel: [    0.646583] pci_bus 0000:00: root bus resource [mem 0x000d0000-0x000d3fff window]
Feb  2 14:00:00 cu-cs-vm kernel: [    0.646826] pci_bus 0000:00: root bus resource [mem 0x000d4000-0x000d7fff window]
Feb  2 14:00:00 cu-cs-vm kernel: [    0.647068] pci_bus 0000:00: root bus resource [mem 0x000d8000-0x000dbfff window]
Feb  2 14:00:00 cu-cs-vm kernel: [    0.647311] pci_bus 0000:00: root bus resource [mem 0xc0000000-0xfebfffff window]
Feb  2 14:00:00 cu-cs-vm kernel: [    0.647553] pci_bus 0000:00: root bus resource [io  0x0000-0x0cf7 window]
Feb  2 14:00:00 cu-cs-vm kernel: [    0.647713] pci_bus 0000:00: root bus resource [io  0x0d00-0xfeff window]
Feb  2 14:00:00 cu-cs-vm kernel: [    0.647874] pci_bus 0000:00: root bus resource [bus 00-7f]
Feb  2 14:00:00 cu-cs-vm kernel: [    0.648084] pci 0000:00:00.0: [8086:7190] type 00 class 0x060000
Feb  2 14:00:00 cu-cs-vm kernel: [    0.649592] pci 0000:00:01.0: [8086:7191] type 01 class 0x060400
Feb  2 14:00:00 cu-cs-vm kernel: [    0.650538] pci 0000:00:07.0: [8086:7110] type 00 class 0x060100
Feb  2 14:00:00 cu-cs-vm kernel: [    0.651915] pci 0000:00:07.1: [8086:7111] type 00 class 0x01018a
Feb  2 14:00:00 cu-cs-vm kernel: [    0.654287] pci 0000:00:07.1: reg 0x20: [io  0x1060-0x106f]
Feb  2 14:00:00 cu-cs-vm kernel: [    0.655217] pci 0000:00:07.1: legacy IDE quirk: reg 0x10: [io  0x01f0-0x01f7]
Feb  2 14:00:00 cu-cs-vm kernel: [    0.655378] pci 0000:00:07.1: legacy IDE quirk: reg 0x14: [io  0x03f6]
Feb  2 14:00:00 cu-cs-vm kernel: [    0.655526] pci 0000:00:07.1: legacy IDE quirk: reg 0x18: [io  0x0170-0x0177]
Feb  2 14:00:00 cu-cs-vm kernel: [    0.655726] pci 0000:00:07.1: legacy IDE quirk: reg 0x1c: [io  0x0376]
Feb  2 14:00:00 cu-cs-vm kernel: [    0.656278] pci 0000:00:07.3: [8086:7113] type 00 class 0x068000
Feb  2 14:00:00 cu-cs-vm kernel: [    0.659027] pci 0000:00:07.3: quirk: [io  0x1000-0x103f] claimed by PIIX4 ACPI
Feb  2 14:00:00 cu-cs-vm kernel: [    0.659200] pci 0000:00:07.3: quirk: [io  0x1040-0x104f] claimed by PIIX4 SMB
Feb  2 14:00:00 cu-cs-vm kernel: [    0.659943] pci 0000:00:07.7: [15ad:0740] type 00 class 0x088000
Feb  2 14:00:00 cu-cs-vm kernel: [    0.661220] pci 0000:00:07.7: reg 0x10: [io  0x1080-0x10bf]
Feb  2 14:00:00 cu-cs-vm kernel: [    0.662142] pci 0000:00:07.7: reg 0x14: [mem 0xfebfe000-0xfebfffff 64bit]
Feb  2 14:00:00 cu-cs-vm kernel: [    0.665412] pci 0000:00:0f.0: [15ad:0405] type 00 class 0x030000
Feb  2 14:00:00 cu-cs-vm kernel: [    0.668024] pci 0000:00:0f.0: reg 0x10: [io  0x1070-0x107f]
Feb  2 14:00:00 cu-cs-vm kernel: [    0.670683] pci 0000:00:0f.0: reg 0x14: [mem 0xe8000000-0xefffffff pref]
Feb  2 14:00:00 cu-cs-vm kernel: [    0.673348] pci 0000:00:0f.0: reg 0x18: [mem 0xfe000000-0xfe7fffff]
Feb  2 14:00:00 cu-cs-vm kernel: [    0.682115] pci 0000:00:0f.0: reg 0x30: [mem 0x00000000-0x00007fff pref]
Feb  2 14:00:00 cu-cs-vm kernel: [    0.682680] pci 0000:00:11.0: [15ad:0790] type 01 class 0x060401
Feb  2 14:00:00 cu-cs-vm kernel: [    0.683525] pci 0000:00:15.0: [15ad:07a0] type 01 class 0x060400
Feb  2 14:00:00 cu-cs-vm kernel: [    0.684258] pci 0000:00:15.0: PME# supported from D0 D3hot D3cold
Feb  2 14:00:00 cu-cs-vm kernel: [    0.684566] pci 0000:00:15.1: [15ad:07a0] type 01 class 0x060400
Feb  2 14:00:00 cu-cs-vm kernel: [    0.685302] pci 0000:00:15.1: PME# supported from D0 D3hot D3cold
Feb  2 14:00:00 cu-cs-vm kernel: [    0.685685] pci 0000:00:15.2: [15ad:07a0] type 01 class 0x060400
Feb  2 14:00:00 cu-cs-vm kernel: [    0.686423] pci 0000:00:15.2: PME# supported from D0 D3hot D3cold
Feb  2 14:00:00 cu-cs-vm kernel: [    0.686776] pci 0000:00:15.3: [15ad:07a0] type 01 class 0x060400
Feb  2 14:00:00 cu-cs-vm kernel: [    0.687501] pci 0000:00:15.3: PME# supported from D0 D3hot D3cold
Feb  2 14:00:00 cu-cs-vm kernel: [    0.687891] pci 0000:00:15.4: [15ad:07a0] type 01 class 0x060400
Feb  2 14:00:00 cu-cs-vm kernel: [    0.688619] pci 0000:00:15.4: PME# supported from D0 D3hot D3cold
Feb  2 14:00:00 cu-cs-vm kernel: [    0.688922] pci 0000:00:15.5: [15ad:07a0] type 01 class 0x060400
Feb  2 14:00:00 cu-cs-vm kernel: [    0.689677] pci 0000:00:15.5: PME# supported from D0 D3hot D3cold
Feb  2 14:00:00 cu-cs-vm kernel: [    0.690299] pci 0000:00:15.6: [15ad:07a0] type 01 class 0x060400
Feb  2 14:00:00 cu-cs-vm kernel: [    0.691252] pci 0000:00:15.6: PME# supported from D0 D3hot D3cold
Feb  2 14:00:00 cu-cs-vm kernel: [    0.691686] pci 0000:00:15.7: [15ad:07a0] type 01 class 0x060400
Feb  2 14:00:00 cu-cs-vm kernel: [    0.692420] pci 0000:00:15.7: PME# supported from D0 D3hot D3cold
Feb  2 14:00:00 cu-cs-vm kernel: [    0.692820] pci 0000:00:16.0: [15ad:07a0] type 01 class 0x060400
Feb  2 14:00:00 cu-cs-vm kernel: [    0.693547] pci 0000:00:16.0: PME# supported from D0 D3hot D3cold
Feb  2 14:00:00 cu-cs-vm kernel: [    0.693929] pci 0000:00:16.1: [15ad:07a0] type 01 class 0x060400
Feb  2 14:00:00 cu-cs-vm kernel: [    0.694666] pci 0000:00:16.1: PME# supported from D0 D3hot D3cold
Feb  2 14:00:00 cu-cs-vm kernel: [    0.694969] pci 0000:00:16.2: [15ad:07a0] type 01 class 0x060400
Feb  2 14:00:00 cu-cs-vm kernel: [    0.695696] pci 0000:00:16.2: PME# supported from D0 D3hot D3cold
Feb  2 14:00:00 cu-cs-vm kernel: [    0.696081] pci 0000:00:16.3: [15ad:07a0] type 01 class 0x060400
Feb  2 14:00:00 cu-cs-vm kernel: [    0.696831] pci 0000:00:16.3: PME# supported from D0 D3hot D3cold
Feb  2 14:00:00 cu-cs-vm kernel: [    0.697173] pci 0000:00:16.4: [15ad:07a0] type 01 class 0x060400
Feb  2 14:00:00 cu-cs-vm kernel: [    0.697910] pci 0000:00:16.4: PME# supported from D0 D3hot D3cold
Feb  2 14:00:00 cu-cs-vm kernel: [    0.698253] pci 0000:00:16.5: [15ad:07a0] type 01 class 0x060400
Feb  2 14:00:00 cu-cs-vm kernel: [    0.698982] pci 0000:00:16.5: PME# supported from D0 D3hot D3cold
Feb  2 14:00:00 cu-cs-vm kernel: [    0.699475] pci 0000:00:16.6: [15ad:07a0] type 01 class 0x060400
Feb  2 14:00:00 cu-cs-vm kernel: [    0.700200] pci 0000:00:16.6: PME# supported from D0 D3hot D3cold
Feb  2 14:00:00 cu-cs-vm kernel: [    0.700541] pci 0000:00:16.7: [15ad:07a0] type 01 class 0x060400
Feb  2 14:00:00 cu-cs-vm kernel: [    0.701270] pci 0000:00:16.7: PME# supported from D0 D3hot D3cold
Feb  2 14:00:00 cu-cs-vm kernel: [    0.701625] pci 0000:00:17.0: [15ad:07a0] type 01 class 0x060400
Feb  2 14:00:00 cu-cs-vm kernel: [    0.702362] pci 0000:00:17.0: PME# supported from D0 D3hot D3cold
Feb  2 14:00:00 cu-cs-vm kernel: [    0.702714] pci 0000:00:17.1: [15ad:07a0] type 01 class 0x060400
Feb  2 14:00:00 cu-cs-vm kernel: [    0.703440] pci 0000:00:17.1: PME# supported from D0 D3hot D3cold
Feb  2 14:00:00 cu-cs-vm kernel: [    0.703753] pci 0000:00:17.2: [15ad:07a0] type 01 class 0x060400
Feb  2 14:00:00 cu-cs-vm kernel: [    0.704476] pci 0000:00:17.2: PME# supported from D0 D3hot D3cold
Feb  2 14:00:00 cu-cs-vm kernel: [    0.704828] pci 0000:00:17.3: [15ad:07a0] type 01 class 0x060400
Feb  2 14:00:00 cu-cs-vm kernel: [    0.705770] pci 0000:00:17.3: PME# supported from D0 D3hot D3cold
Feb  2 14:00:00 cu-cs-vm kernel: [    0.706446] pci 0000:00:17.4: [15ad:07a0] type 01 class 0x060400
Feb  2 14:00:00 cu-cs-vm kernel: [    0.707511] pci 0000:00:17.4: PME# supported from D0 D3hot D3cold
Feb  2 14:00:00 cu-cs-vm kernel: [    0.708070] pci 0000:00:17.5: [15ad:07a0] type 01 class 0x060400
Feb  2 14:00:00 cu-cs-vm kernel: [    0.708848] pci 0000:00:17.5: PME# supported from D0 D3hot D3cold
Feb  2 14:00:00 cu-cs-vm kernel: [    0.709704] pci 0000:00:17.6: [15ad:07a0] type 01 class 0x060400
Feb  2 14:00:00 cu-cs-vm kernel: [    0.711006] pci 0000:00:17.6: PME# supported from D0 D3hot D3cold
Feb  2 14:00:00 cu-cs-vm kernel: [    0.711616] pci 0000:00:17.7: [15ad:07a0] type 01 class 0x060400
Feb  2 14:00:00 cu-cs-vm kernel: [    0.712919] pci 0000:00:17.7: PME# supported from D0 D3hot D3cold
Feb  2 14:00:00 cu-cs-vm kernel: [    0.713312] pci 0000:00:18.0: [15ad:07a0] type 01 class 0x060400
Feb  2 14:00:00 cu-cs-vm kernel: [    0.714203] pci 0000:00:18.0: PME# supported from D0 D3hot D3cold
Feb  2 14:00:00 cu-cs-vm kernel: [    0.714638] pci 0000:00:18.1: [15ad:07a0] type 01 class 0x060400
Feb  2 14:00:00 cu-cs-vm kernel: [    0.715892] pci 0000:00:18.1: PME# supported from D0 D3hot D3cold
Feb  2 14:00:00 cu-cs-vm kernel: [    0.716537] pci 0000:00:18.2: [15ad:07a0] type 01 class 0x060400
Feb  2 14:00:00 cu-cs-vm kernel: [    0.717838] pci 0000:00:18.2: PME# supported from D0 D3hot D3cold
Feb  2 14:00:00 cu-cs-vm kernel: [    0.718381] pci 0000:00:18.3: [15ad:07a0] type 01 class 0x060400
Feb  2 14:00:00 cu-cs-vm kernel: [    0.719745] pci 0000:00:18.3: PME# supported from D0 D3hot D3cold
Feb  2 14:00:00 cu-cs-vm kernel: [    0.720242] pci 0000:00:18.4: [15ad:07a0] type 01 class 0x060400
Feb  2 14:00:00 cu-cs-vm kernel: [    0.721543] pci 0000:00:18.4: PME# supported from D0 D3hot D3cold
Feb  2 14:00:00 cu-cs-vm kernel: [    0.722209] pci 0000:00:18.5: [15ad:07a0] type 01 class 0x060400
Feb  2 14:00:00 cu-cs-vm kernel: [    0.723609] pci 0000:00:18.5: PME# supported from D0 D3hot D3cold
Feb  2 14:00:00 cu-cs-vm kernel: [    0.724519] pci 0000:00:18.6: [15ad:07a0] type 01 class 0x060400
Feb  2 14:00:00 cu-cs-vm kernel: [    0.725880] pci 0000:00:18.6: PME# supported from D0 D3hot D3cold
Feb  2 14:00:00 cu-cs-vm kernel: [    0.726458] pci 0000:00:18.7: [15ad:07a0] type 01 class 0x060400
Feb  2 14:00:00 cu-cs-vm kernel: [    0.727765] pci 0000:00:18.7: PME# supported from D0 D3hot D3cold
Feb  2 14:00:00 cu-cs-vm kernel: [    0.728966] pci 0000:00:01.0: PCI bridge to [bus 01]
Feb  2 14:00:00 cu-cs-vm kernel: [    0.729977] acpiphp: Slot [32] registered
Feb  2 14:00:00 cu-cs-vm kernel: [    0.730154] acpiphp: Slot [33] registered
Feb  2 14:00:00 cu-cs-vm kernel: [    0.730323] acpiphp: Slot [34] registered
Feb  2 14:00:00 cu-cs-vm kernel: [    0.730490] acpiphp: Slot [35] registered
Feb  2 14:00:00 cu-cs-vm kernel: [    0.730656] acpiphp: Slot [36] registered
Feb  2 14:00:00 cu-cs-vm kernel: [    0.730823] acpiphp: Slot [37] registered
Feb  2 14:00:00 cu-cs-vm kernel: [    0.730989] acpiphp: Slot [38] registered
Feb  2 14:00:00 cu-cs-vm kernel: [    0.731154] acpiphp: Slot [39] registered
Feb  2 14:00:00 cu-cs-vm kernel: [    0.731320] acpiphp: Slot [40] registered
Feb  2 14:00:00 cu-cs-vm kernel: [    0.731486] acpiphp: Slot [41] registered
Feb  2 14:00:00 cu-cs-vm kernel: [    0.731652] acpiphp: Slot [42] registered
Feb  2 14:00:00 cu-cs-vm kernel: [    0.731817] acpiphp: Slot [43] registered
Feb  2 14:00:00 cu-cs-vm kernel: [    0.731984] acpiphp: Slot [44] registered
Feb  2 14:00:00 cu-cs-vm kernel: [    0.732096] acpiphp: Slot [45] registered
Feb  2 14:00:00 cu-cs-vm kernel: [    0.732328] acpiphp: Slot [46] registered
Feb  2 14:00:00 cu-cs-vm kernel: [    0.732498] acpiphp: Slot [47] registered
Feb  2 14:00:00 cu-cs-vm kernel: [    0.732664] acpiphp: Slot [48] registered
Feb  2 14:00:00 cu-cs-vm kernel: [    0.732830] acpiphp: Slot [49] registered
Feb  2 14:00:00 cu-cs-vm kernel: [    0.732995] acpiphp: Slot [50] registered
Feb  2 14:00:00 cu-cs-vm kernel: [    0.733161] acpiphp: Slot [51] registered
Feb  2 14:00:00 cu-cs-vm kernel: [    0.733326] acpiphp: Slot [52] registered
Feb  2 14:00:00 cu-cs-vm kernel: [    0.733492] acpiphp: Slot [53] registered
Feb  2 14:00:00 cu-cs-vm kernel: [    0.733657] acpiphp: Slot [54] registered
Feb  2 14:00:00 cu-cs-vm kernel: [    0.733823] acpiphp: Slot [55] registered
Feb  2 14:00:00 cu-cs-vm kernel: [    0.733989] acpiphp: Slot [56] registered
Feb  2 14:00:00 cu-cs-vm kernel: [    0.734155] acpiphp: Slot [57] registered
Feb  2 14:00:00 cu-cs-vm kernel: [    0.734382] acpiphp: Slot [58] registered
Feb  2 14:00:00 cu-cs-vm kernel: [    0.734550] acpiphp: Slot [59] registered
Feb  2 14:00:00 cu-cs-vm kernel: [    0.734758] acpiphp: Slot [60] registered
Feb  2 14:00:00 cu-cs-vm kernel: [    0.734926] acpiphp: Slot [61] registered
Feb  2 14:00:00 cu-cs-vm kernel: [    0.735091] acpiphp: Slot [62] registered
Feb  2 14:00:00 cu-cs-vm kernel: [    0.735256] acpiphp: Slot [63] registered
Feb  2 14:00:00 cu-cs-vm kernel: [    0.735518] pci 0000:02:00.0: [15ad:0774] type 00 class 0x0c0300
Feb  2 14:00:00 cu-cs-vm kernel: [    0.737882] pci 0000:02:00.0: reg 0x20: [io  0x2040-0x205f]
Feb  2 14:00:00 cu-cs-vm kernel: [    0.739437] pci 0000:02:01.0: [8086:100f] type 00 class 0x020000
Feb  2 14:00:00 cu-cs-vm kernel: [    0.741218] pci 0000:02:01.0: reg 0x10: [mem 0xfd5c0000-0xfd5dffff 64bit]
Feb  2 14:00:00 cu-cs-vm kernel: [    0.743701] pci 0000:02:01.0: reg 0x18: [mem 0xfdff0000-0xfdffffff 64bit]
Feb  2 14:00:00 cu-cs-vm kernel: [    0.745278] pci 0000:02:01.0: reg 0x20: [io  0x2000-0x203f]
Feb  2 14:00:00 cu-cs-vm kernel: [    0.749134] pci 0000:02:01.0: reg 0x30: [mem 0x00000000-0x0000ffff pref]
Feb  2 14:00:00 cu-cs-vm kernel: [    0.749637] pci 0000:02:01.0: PME# supported from D0 D3hot D3cold
Feb  2 14:00:00 cu-cs-vm kernel: [    0.750021] pci 0000:02:02.0: [15ad:0770] type 00 class 0x0c0320
Feb  2 14:00:00 cu-cs-vm kernel: [    0.751178] pci 0000:02:02.0: reg 0x10: [mem 0xfd5ef000-0xfd5effff]
Feb  2 14:00:00 cu-cs-vm kernel: [    0.757938] pci 0000:02:04.0: [15ad:07e0] type 00 class 0x010601
Feb  2 14:00:00 cu-cs-vm kernel: [    0.764012] pci 0000:02:04.0: reg 0x24: [mem 0xfd5ee000-0xfd5eefff]
Feb  2 14:00:00 cu-cs-vm kernel: [    0.764734] pci 0000:02:04.0: reg 0x30: [mem 0x00000000-0x0000ffff pref]
Feb  2 14:00:00 cu-cs-vm kernel: [    0.765131] pci 0000:02:04.0: PME# supported from D3hot
Feb  2 14:00:00 cu-cs-vm kernel: [    0.765638] pci 0000:00:11.0: PCI bridge to [bus 02] (subtractive decode)
Feb  2 14:00:00 cu-cs-vm kernel: [    0.765755] pci 0000:00:11.0:   bridge window [io  0x2000-0x3fff]
Feb  2 14:00:00 cu-cs-vm kernel: [    0.765775] pci 0000:00:11.0:   bridge window [mem 0xfd500000-0xfdffffff]
Feb  2 14:00:00 cu-cs-vm kernel: [    0.765824] pci 0000:00:11.0:   bridge window [mem 0xe7b00000-0xe7ffffff 64bit pref]
Feb  2 14:00:00 cu-cs-vm kernel: [    0.765826] pci 0000:00:11.0:   bridge window [mem 0x000a0000-0x000bffff window] (subtractive decode)
Feb  2 14:00:00 cu-cs-vm kernel: [    0.765827] pci 0000:00:11.0:   bridge window [mem 0x000cc000-0x000cffff window] (subtractive decode)
Feb  2 14:00:00 cu-cs-vm kernel: [    0.765827] pci 0000:00:11.0:   bridge window [mem 0x000d0000-0x000d3fff window] (subtractive decode)
Feb  2 14:00:00 cu-cs-vm kernel: [    0.765828] pci 0000:00:11.0:   bridge window [mem 0x000d4000-0x000d7fff window] (subtractive decode)
Feb  2 14:00:00 cu-cs-vm kernel: [    0.765829] pci 0000:00:11.0:   bridge window [mem 0x000d8000-0x000dbfff window] (subtractive decode)
Feb  2 14:00:00 cu-cs-vm kernel: [    0.765830] pci 0000:00:11.0:   bridge window [mem 0xc0000000-0xfebfffff window] (subtractive decode)
Feb  2 14:00:00 cu-cs-vm kernel: [    0.765831] pci 0000:00:11.0:   bridge window [io  0x0000-0x0cf7 window] (subtractive decode)
Feb  2 14:00:00 cu-cs-vm kernel: [    0.765831] pci 0000:00:11.0:   bridge window [io  0x0d00-0xfeff window] (subtractive decode)
Feb  2 14:00:00 cu-cs-vm kernel: [    0.766160] pci 0000:00:15.0: PCI bridge to [bus 03]
Feb  2 14:00:00 cu-cs-vm kernel: [    0.766261] pci 0000:00:15.0:   bridge window [io  0x4000-0x4fff]
Feb  2 14:00:00 cu-cs-vm kernel: [    0.766281] pci 0000:00:15.0:   bridge window [mem 0xfd400000-0xfd4fffff]
Feb  2 14:00:00 cu-cs-vm kernel: [    0.766319] pci 0000:00:15.0:   bridge window [mem 0xe7a00000-0xe7afffff 64bit pref]
Feb  2 14:00:00 cu-cs-vm kernel: [    0.766814] pci 0000:00:15.1: PCI bridge to [bus 04]
Feb  2 14:00:00 cu-cs-vm kernel: [    0.766933] pci 0000:00:15.1:   bridge window [io  0x8000-0x8fff]
Feb  2 14:00:00 cu-cs-vm kernel: [    0.766954] pci 0000:00:15.1:   bridge window [mem 0xfd000000-0xfd0fffff]
Feb  2 14:00:00 cu-cs-vm kernel: [    0.766993] pci 0000:00:15.1:   bridge window [mem 0xe7600000-0xe76fffff 64bit pref]
Feb  2 14:00:00 cu-cs-vm kernel: [    0.767336] pci 0000:00:15.2: PCI bridge to [bus 05]
Feb  2 14:00:00 cu-cs-vm kernel: [    0.767436] pci 0000:00:15.2:   bridge window [io  0xc000-0xcfff]
Feb  2 14:00:00 cu-cs-vm kernel: [    0.767456] pci 0000:00:15.2:   bridge window [mem 0xfcc00000-0xfccfffff]
Feb  2 14:00:00 cu-cs-vm kernel: [    0.767495] pci 0000:00:15.2:   bridge window [mem 0xe7200000-0xe72fffff 64bit pref]
Feb  2 14:00:00 cu-cs-vm kernel: [    0.767795] pci 0000:00:15.3: PCI bridge to [bus 06]
Feb  2 14:00:00 cu-cs-vm kernel: [    0.768047] pci 0000:00:15.3:   bridge window [mem 0xfc800000-0xfc8fffff]
Feb  2 14:00:00 cu-cs-vm kernel: [    0.768086] pci 0000:00:15.3:   bridge window [mem 0xe6e00000-0xe6efffff 64bit pref]
Feb  2 14:00:00 cu-cs-vm kernel: [    0.768424] pci 0000:00:15.4: PCI bridge to [bus 07]
Feb  2 14:00:00 cu-cs-vm kernel: [    0.768748] pci 0000:00:15.4:   bridge window [mem 0xfc400000-0xfc4fffff]
Feb  2 14:00:00 cu-cs-vm kernel: [    0.768823] pci 0000:00:15.4:   bridge window [mem 0xe6a00000-0xe6afffff 64bit pref]
Feb  2 14:00:00 cu-cs-vm kernel: [    0.769715] pci 0000:00:15.5: PCI bridge to [bus 08]
Feb  2 14:00:00 cu-cs-vm kernel: [    0.769936] pci 0000:00:15.5:   bridge window [mem 0xfc000000-0xfc0fffff]
Feb  2 14:00:00 cu-cs-vm kernel: [    0.770007] pci 0000:00:15.5:   bridge window [mem 0xe6600000-0xe66fffff 64bit pref]
Feb  2 14:00:00 cu-cs-vm kernel: [    0.770567] pci 0000:00:15.6: PCI bridge to [bus 09]
Feb  2 14:00:00 cu-cs-vm kernel: [    0.770781] pci 0000:00:15.6:   bridge window [mem 0xfbc00000-0xfbcfffff]
Feb  2 14:00:00 cu-cs-vm kernel: [    0.770852] pci 0000:00:15.6:   bridge window [mem 0xe6200000-0xe62fffff 64bit pref]
Feb  2 14:00:00 cu-cs-vm kernel: [    0.771395] pci 0000:00:15.7: PCI bridge to [bus 0a]
Feb  2 14:00:00 cu-cs-vm kernel: [    0.771608] pci 0000:00:15.7:   bridge window [mem 0xfb800000-0xfb8fffff]
Feb  2 14:00:00 cu-cs-vm kernel: [    0.771678] pci 0000:00:15.7:   bridge window [mem 0xe5e00000-0xe5efffff 64bit pref]
Feb  2 14:00:00 cu-cs-vm kernel: [    0.772330] pci 0000:00:16.0: PCI bridge to [bus 0b]
Feb  2 14:00:00 cu-cs-vm kernel: [    0.772567] pci 0000:00:16.0:   bridge window [io  0x5000-0x5fff]
Feb  2 14:00:00 cu-cs-vm kernel: [    0.772604] pci 0000:00:16.0:   bridge window [mem 0xfd300000-0xfd3fffff]
Feb  2 14:00:00 cu-cs-vm kernel: [    0.772674] pci 0000:00:16.0:   bridge window [mem 0xe7900000-0xe79fffff 64bit pref]
Feb  2 14:00:00 cu-cs-vm kernel: [    0.773222] pci 0000:00:16.1: PCI bridge to [bus 0c]
Feb  2 14:00:00 cu-cs-vm kernel: [    0.773401] pci 0000:00:16.1:   bridge window [io  0x9000-0x9fff]
Feb  2 14:00:00 cu-cs-vm kernel: [    0.773437] pci 0000:00:16.1:   bridge window [mem 0xfcf00000-0xfcffffff]
Feb  2 14:00:00 cu-cs-vm kernel: [    0.773506] pci 0000:00:16.1:   bridge window [mem 0xe7500000-0xe75fffff 64bit pref]
Feb  2 14:00:00 cu-cs-vm kernel: [    0.774046] pci 0000:00:16.2: PCI bridge to [bus 0d]
Feb  2 14:00:00 cu-cs-vm kernel: [    0.774224] pci 0000:00:16.2:   bridge window [io  0xd000-0xdfff]
Feb  2 14:00:00 cu-cs-vm kernel: [    0.774260] pci 0000:00:16.2:   bridge window [mem 0xfcb00000-0xfcbfffff]
Feb  2 14:00:00 cu-cs-vm kernel: [    0.774330] pci 0000:00:16.2:   bridge window [mem 0xe7100000-0xe71fffff 64bit pref]
Feb  2 14:00:00 cu-cs-vm kernel: [    0.774985] pci 0000:00:16.3: PCI bridge to [bus 0e]
Feb  2 14:00:00 cu-cs-vm kernel: [    0.775199] pci 0000:00:16.3:   bridge window [mem 0xfc700000-0xfc7fffff]
Feb  2 14:00:00 cu-cs-vm kernel: [    0.775269] pci 0000:00:16.3:   bridge window [mem 0xe6d00000-0xe6dfffff 64bit pref]
Feb  2 14:00:00 cu-cs-vm kernel: [    0.775813] pci 0000:00:16.4: PCI bridge to [bus 0f]
Feb  2 14:00:00 cu-cs-vm kernel: [    0.776007] pci 0000:00:16.4:   bridge window [mem 0xfc300000-0xfc3fffff]
Feb  2 14:00:00 cu-cs-vm kernel: [    0.776078] pci 0000:00:16.4:   bridge window [mem 0xe6900000-0xe69fffff 64bit pref]
Feb  2 14:00:00 cu-cs-vm kernel: [    0.776676] pci 0000:00:16.5: PCI bridge to [bus 10]
Feb  2 14:00:00 cu-cs-vm kernel: [    0.776889] pci 0000:00:16.5:   bridge window [mem 0xfbf00000-0xfbffffff]
Feb  2 14:00:00 cu-cs-vm kernel: [    0.776959] pci 0000:00:16.5:   bridge window [mem 0xe6500000-0xe65fffff 64bit pref]
Feb  2 14:00:00 cu-cs-vm kernel: [    0.777578] pci 0000:00:16.6: PCI bridge to [bus 11]
Feb  2 14:00:00 cu-cs-vm kernel: [    0.777791] pci 0000:00:16.6:   bridge window [mem 0xfbb00000-0xfbbfffff]
Feb  2 14:00:00 cu-cs-vm kernel: [    0.777860] pci 0000:00:16.6:   bridge window [mem 0xe6100000-0xe61fffff 64bit pref]
Feb  2 14:00:00 cu-cs-vm kernel: [    0.778421] pci 0000:00:16.7: PCI bridge to [bus 12]
Feb  2 14:00:00 cu-cs-vm kernel: [    0.778638] pci 0000:00:16.7:   bridge window [mem 0xfb700000-0xfb7fffff]
Feb  2 14:00:00 cu-cs-vm kernel: [    0.778708] pci 0000:00:16.7:   bridge window [mem 0xe5d00000-0xe5dfffff 64bit pref]
Feb  2 14:00:00 cu-cs-vm kernel: [    0.779262] pci 0000:00:17.0: PCI bridge to [bus 13]
Feb  2 14:00:00 cu-cs-vm kernel: [    0.779444] pci 0000:00:17.0:   bridge window [io  0x6000-0x6fff]
Feb  2 14:00:00 cu-cs-vm kernel: [    0.779484] pci 0000:00:17.0:   bridge window [mem 0xfd200000-0xfd2fffff]
Feb  2 14:00:00 cu-cs-vm kernel: [    0.779561] pci 0000:00:17.0:   bridge window [mem 0xe7800000-0xe78fffff 64bit pref]
Feb  2 14:00:00 cu-cs-vm kernel: [    0.780626] pci 0000:00:17.1: PCI bridge to [bus 14]
Feb  2 14:00:00 cu-cs-vm kernel: [    0.780809] pci 0000:00:17.1:   bridge window [io  0xa000-0xafff]
Feb  2 14:00:00 cu-cs-vm kernel: [    0.780846] pci 0000:00:17.1:   bridge window [mem 0xfce00000-0xfcefffff]
Feb  2 14:00:00 cu-cs-vm kernel: [    0.780916] pci 0000:00:17.1:   bridge window [mem 0xe7400000-0xe74fffff 64bit pref]
Feb  2 14:00:00 cu-cs-vm kernel: [    0.781475] pci 0000:00:17.2: PCI bridge to [bus 15]
Feb  2 14:00:00 cu-cs-vm kernel: [    0.781654] pci 0000:00:17.2:   bridge window [io  0xe000-0xefff]
Feb  2 14:00:00 cu-cs-vm kernel: [    0.781691] pci 0000:00:17.2:   bridge window [mem 0xfca00000-0xfcafffff]
Feb  2 14:00:00 cu-cs-vm kernel: [    0.781760] pci 0000:00:17.2:   bridge window [mem 0xe7000000-0xe70fffff 64bit pref]
Feb  2 14:00:00 cu-cs-vm kernel: [    0.782303] pci 0000:00:17.3: PCI bridge to [bus 16]
Feb  2 14:00:00 cu-cs-vm kernel: [    0.782515] pci 0000:00:17.3:   bridge window [mem 0xfc600000-0xfc6fffff]
Feb  2 14:00:00 cu-cs-vm kernel: [    0.782585] pci 0000:00:17.3:   bridge window [mem 0xe6c00000-0xe6cfffff 64bit pref]
Feb  2 14:00:00 cu-cs-vm kernel: [    0.783193] pci 0000:00:17.4: PCI bridge to [bus 17]
Feb  2 14:00:00 cu-cs-vm kernel: [    0.783407] pci 0000:00:17.4:   bridge window [mem 0xfc200000-0xfc2fffff]
Feb  2 14:00:00 cu-cs-vm kernel: [    0.783477] pci 0000:00:17.4:   bridge window [mem 0xe6800000-0xe68fffff 64bit pref]
Feb  2 14:00:00 cu-cs-vm kernel: [    0.784008] pci 0000:00:17.5: PCI bridge to [bus 18]
Feb  2 14:00:00 cu-cs-vm kernel: [    0.784259] pci 0000:00:17.5:   bridge window [mem 0xfbe00000-0xfbefffff]
Feb  2 14:00:00 cu-cs-vm kernel: [    0.784329] pci 0000:00:17.5:   bridge window [mem 0xe6400000-0xe64fffff 64bit pref]
Feb  2 14:00:00 cu-cs-vm kernel: [    0.785022] pci 0000:00:17.6: PCI bridge to [bus 19]
Feb  2 14:00:00 cu-cs-vm kernel: [    0.785279] pci 0000:00:17.6:   bridge window [mem 0xfba00000-0xfbafffff]
Feb  2 14:00:00 cu-cs-vm kernel: [    0.785352] pci 0000:00:17.6:   bridge window [mem 0xe6000000-0xe60fffff 64bit pref]
Feb  2 14:00:00 cu-cs-vm kernel: [    0.786089] pci 0000:00:17.7: PCI bridge to [bus 1a]
Feb  2 14:00:00 cu-cs-vm kernel: [    0.786295] pci 0000:00:17.7:   bridge window [mem 0xfb600000-0xfb6fffff]
Feb  2 14:00:00 cu-cs-vm kernel: [    0.786361] pci 0000:00:17.7:   bridge window [mem 0xe5c00000-0xe5cfffff 64bit pref]
Feb  2 14:00:00 cu-cs-vm kernel: [    0.786961] pci 0000:00:18.0: PCI bridge to [bus 1b]
Feb  2 14:00:00 cu-cs-vm kernel: [    0.787141] pci 0000:00:18.0:   bridge window [io  0x7000-0x7fff]
Feb  2 14:00:00 cu-cs-vm kernel: [    0.787177] pci 0000:00:18.0:   bridge window [mem 0xfd100000-0xfd1fffff]
Feb  2 14:00:00 cu-cs-vm kernel: [    0.787247] pci 0000:00:18.0:   bridge window [mem 0xe7700000-0xe77fffff 64bit pref]
Feb  2 14:00:00 cu-cs-vm kernel: [    0.787873] pci 0000:00:18.1: PCI bridge to [bus 1c]
Feb  2 14:00:00 cu-cs-vm kernel: [    0.788028] pci 0000:00:18.1:   bridge window [io  0xb000-0xbfff]
Feb  2 14:00:00 cu-cs-vm kernel: [    0.788065] pci 0000:00:18.1:   bridge window [mem 0xfcd00000-0xfcdfffff]
Feb  2 14:00:00 cu-cs-vm kernel: [    0.788135] pci 0000:00:18.1:   bridge window [mem 0xe7300000-0xe73fffff 64bit pref]
Feb  2 14:00:00 cu-cs-vm kernel: [    0.788750] pci 0000:00:18.2: PCI bridge to [bus 1d]
Feb  2 14:00:00 cu-cs-vm kernel: [    0.788963] pci 0000:00:18.2:   bridge window [mem 0xfc900000-0xfc9fffff]
Feb  2 14:00:00 cu-cs-vm kernel: [    0.789033] pci 0000:00:18.2:   bridge window [mem 0xe6f00000-0xe6ffffff 64bit pref]
Feb  2 14:00:00 cu-cs-vm kernel: [    0.789615] pci 0000:00:18.3: PCI bridge to [bus 1e]
Feb  2 14:00:00 cu-cs-vm kernel: [    0.789827] pci 0000:00:18.3:   bridge window [mem 0xfc500000-0xfc5fffff]
Feb  2 14:00:00 cu-cs-vm kernel: [    0.789897] pci 0000:00:18.3:   bridge window [mem 0xe6b00000-0xe6bfffff 64bit pref]
Feb  2 14:00:00 cu-cs-vm kernel: [    0.790440] pci 0000:00:18.4: PCI bridge to [bus 1f]
Feb  2 14:00:00 cu-cs-vm kernel: [    0.790652] pci 0000:00:18.4:   bridge window [mem 0xfc100000-0xfc1fffff]
Feb  2 14:00:00 cu-cs-vm kernel: [    0.790751] pci 0000:00:18.4:   bridge window [mem 0xe6700000-0xe67fffff 64bit pref]
